Archive member included to satisfy reference by file (symbol)

/home/tanishq/Downloads/gcc-arm-none-eabi-6-2017-q1-update/bin/../lib/gcc/arm-none-eabi/6.3.1/../../../../arm-none-eabi/lib/thumb/v7-m/libg_nano.a(lib_a-errno.o)
                              ./system/src/newlib/_sbrk.o (__errno)
/home/tanishq/Downloads/gcc-arm-none-eabi-6-2017-q1-update/bin/../lib/gcc/arm-none-eabi/6.3.1/../../../../arm-none-eabi/lib/thumb/v7-m/libg_nano.a(lib_a-impure.o)
                              /home/tanishq/Downloads/gcc-arm-none-eabi-6-2017-q1-update/bin/../lib/gcc/arm-none-eabi/6.3.1/../../../../arm-none-eabi/lib/thumb/v7-m/libg_nano.a(lib_a-errno.o) (_impure_ptr)
/home/tanishq/Downloads/gcc-arm-none-eabi-6-2017-q1-update/bin/../lib/gcc/arm-none-eabi/6.3.1/../../../../arm-none-eabi/lib/thumb/v7-m/libg_nano.a(lib_a-strlen.o)
                              ./system/src/diag/Trace.o (strlen)
/home/tanishq/Downloads/gcc-arm-none-eabi-6-2017-q1-update/bin/../lib/gcc/arm-none-eabi/6.3.1/../../../../arm-none-eabi/lib/thumb/v7-m/libg_nano.a(lib_a-vsnprintf.o)
                              ./system/src/diag/Trace.o (vsnprintf)
/home/tanishq/Downloads/gcc-arm-none-eabi-6-2017-q1-update/bin/../lib/gcc/arm-none-eabi/6.3.1/../../../../arm-none-eabi/lib/thumb/v7-m/libg_nano.a(lib_a-nano-svfprintf.o)
                              /home/tanishq/Downloads/gcc-arm-none-eabi-6-2017-q1-update/bin/../lib/gcc/arm-none-eabi/6.3.1/../../../../arm-none-eabi/lib/thumb/v7-m/libg_nano.a(lib_a-vsnprintf.o) (_svfprintf_r)
/home/tanishq/Downloads/gcc-arm-none-eabi-6-2017-q1-update/bin/../lib/gcc/arm-none-eabi/6.3.1/../../../../arm-none-eabi/lib/thumb/v7-m/libg_nano.a(lib_a-nano-vfprintf_i.o)
                              /home/tanishq/Downloads/gcc-arm-none-eabi-6-2017-q1-update/bin/../lib/gcc/arm-none-eabi/6.3.1/../../../../arm-none-eabi/lib/thumb/v7-m/libg_nano.a(lib_a-nano-svfprintf.o) (_printf_i)
/home/tanishq/Downloads/gcc-arm-none-eabi-6-2017-q1-update/bin/../lib/gcc/arm-none-eabi/6.3.1/../../../../arm-none-eabi/lib/thumb/v7-m/libg_nano.a(lib_a-memchr-stub.o)
                              /home/tanishq/Downloads/gcc-arm-none-eabi-6-2017-q1-update/bin/../lib/gcc/arm-none-eabi/6.3.1/../../../../arm-none-eabi/lib/thumb/v7-m/libg_nano.a(lib_a-nano-svfprintf.o) (memchr)
/home/tanishq/Downloads/gcc-arm-none-eabi-6-2017-q1-update/bin/../lib/gcc/arm-none-eabi/6.3.1/../../../../arm-none-eabi/lib/thumb/v7-m/libg_nano.a(lib_a-memcpy-stub.o)
                              /home/tanishq/Downloads/gcc-arm-none-eabi-6-2017-q1-update/bin/../lib/gcc/arm-none-eabi/6.3.1/../../../../arm-none-eabi/lib/thumb/v7-m/libg_nano.a(lib_a-nano-svfprintf.o) (memcpy)
/home/tanishq/Downloads/gcc-arm-none-eabi-6-2017-q1-update/bin/../lib/gcc/arm-none-eabi/6.3.1/../../../../arm-none-eabi/lib/thumb/v7-m/libg_nano.a(lib_a-memmove.o)
                              /home/tanishq/Downloads/gcc-arm-none-eabi-6-2017-q1-update/bin/../lib/gcc/arm-none-eabi/6.3.1/../../../../arm-none-eabi/lib/thumb/v7-m/libg_nano.a(lib_a-nano-svfprintf.o) (memmove)
/home/tanishq/Downloads/gcc-arm-none-eabi-6-2017-q1-update/bin/../lib/gcc/arm-none-eabi/6.3.1/../../../../arm-none-eabi/lib/thumb/v7-m/libg_nano.a(lib_a-nano-freer.o)
                              /home/tanishq/Downloads/gcc-arm-none-eabi-6-2017-q1-update/bin/../lib/gcc/arm-none-eabi/6.3.1/../../../../arm-none-eabi/lib/thumb/v7-m/libg_nano.a(lib_a-nano-svfprintf.o) (_free_r)
/home/tanishq/Downloads/gcc-arm-none-eabi-6-2017-q1-update/bin/../lib/gcc/arm-none-eabi/6.3.1/../../../../arm-none-eabi/lib/thumb/v7-m/libg_nano.a(lib_a-nano-mallocr.o)
                              /home/tanishq/Downloads/gcc-arm-none-eabi-6-2017-q1-update/bin/../lib/gcc/arm-none-eabi/6.3.1/../../../../arm-none-eabi/lib/thumb/v7-m/libg_nano.a(lib_a-nano-svfprintf.o) (_malloc_r)
/home/tanishq/Downloads/gcc-arm-none-eabi-6-2017-q1-update/bin/../lib/gcc/arm-none-eabi/6.3.1/../../../../arm-none-eabi/lib/thumb/v7-m/libg_nano.a(lib_a-nano-reallocr.o)
                              /home/tanishq/Downloads/gcc-arm-none-eabi-6-2017-q1-update/bin/../lib/gcc/arm-none-eabi/6.3.1/../../../../arm-none-eabi/lib/thumb/v7-m/libg_nano.a(lib_a-nano-svfprintf.o) (_realloc_r)
/home/tanishq/Downloads/gcc-arm-none-eabi-6-2017-q1-update/bin/../lib/gcc/arm-none-eabi/6.3.1/../../../../arm-none-eabi/lib/thumb/v7-m/libg_nano.a(lib_a-sbrkr.o)
                              /home/tanishq/Downloads/gcc-arm-none-eabi-6-2017-q1-update/bin/../lib/gcc/arm-none-eabi/6.3.1/../../../../arm-none-eabi/lib/thumb/v7-m/libg_nano.a(lib_a-nano-mallocr.o) (_sbrk_r)
/home/tanishq/Downloads/gcc-arm-none-eabi-6-2017-q1-update/bin/../lib/gcc/arm-none-eabi/6.3.1/../../../../arm-none-eabi/lib/thumb/v7-m/libg_nano.a(lib_a-mlock.o)
                              /home/tanishq/Downloads/gcc-arm-none-eabi-6-2017-q1-update/bin/../lib/gcc/arm-none-eabi/6.3.1/../../../../arm-none-eabi/lib/thumb/v7-m/libg_nano.a(lib_a-nano-freer.o) (__malloc_lock)
[...]
Memory Configuration

Name             Origin             Length             Attributes
RAM              0x0000000020000000 0x0000000000005000 xrw
CCMRAM           0x0000000000000000 0x0000000000000000 xrw
FLASH            0x0000000008000000 0x0000000000010000 xr
FLASHB1          0x0000000000000000 0x0000000000000000 xr
EXTMEMB0         0x0000000000000000 0x0000000000000000 xr
EXTMEMB1         0x0000000000000000 0x0000000000000000 xr
EXTMEMB2         0x0000000000000000 0x0000000000000000 xr
EXTMEMB3         0x0000000000000000 0x0000000000000000 xr
MEMORY_ARRAY     0x0000000000000000 0x0000000000000000 xrw
*default*        0x0000000000000000 0xffffffffffffffff

Linker script and memory map

LOAD ./system/src/stm32f1-stdperiph/misc.o
LOAD ./system/src/stm32f1-stdperiph/stm32f10x_gpio.o
LOAD ./system/src/stm32f1-stdperiph/stm32f10x_rcc.o
LOAD ./system/src/newlib/_cxx.o
LOAD ./system/src/newlib/_exit.o
LOAD ./system/src/newlib/_sbrk.o
LOAD ./system/src/newlib/_startup.o
LOAD ./system/src/newlib/_syscalls.o
LOAD ./system/src/newlib/assert.o
LOAD ./system/src/diag/Trace.o
LOAD ./system/src/diag/trace_impl.o
LOAD ./system/src/cortexm/_initialize_hardware.o
LOAD ./system/src/cortexm/_reset_hardware.o
LOAD ./system/src/cortexm/exception_handlers.o
LOAD ./system/src/cmsis/system_stm32f10x.o
LOAD ./system/src/cmsis/vectors_stm32f10x.o
LOAD ./src/_write.o
LOAD ./src/main.o
LOAD /home/tanishq/Downloads/gcc-arm-none-eabi-6-2017-q1-update/bin/../lib/gcc/arm-none-eabi/6.3.1/../../../../arm-none-eabi/lib/thumb/v7-m/libstdc++_nano.a
LOAD /home/tanishq/Downloads/gcc-arm-none-eabi-6-2017-q1-update/bin/../lib/gcc/arm-none-eabi/6.3.1/../../../../arm-none-eabi/lib/thumb/v7-m/libm.a
START GROUP
LOAD /home/tanishq/Downloads/gcc-arm-none-eabi-6-2017-q1-update/bin/../lib/gcc/arm-none-eabi/6.3.1/thumb/v7-m/libgcc.a
LOAD /home/tanishq/Downloads/gcc-arm-none-eabi-6-2017-q1-update/bin/../lib/gcc/arm-none-eabi/6.3.1/../../../../arm-none-eabi/lib/thumb/v7-m/libg_nano.a
LOAD /home/tanishq/Downloads/gcc-arm-none-eabi-6-2017-q1-update/bin/../lib/gcc/arm-none-eabi/6.3.1/../../../../arm-none-eabi/lib/thumb/v7-m/libc_nano.a
END GROUP
START GROUP
LOAD /home/tanishq/Downloads/gcc-arm-none-eabi-6-2017-q1-update/bin/../lib/gcc/arm-none-eabi/6.3.1/thumb/v7-m/libgcc.a
LOAD /home/tanishq/Downloads/gcc-arm-none-eabi-6-2017-q1-update/bin/../lib/gcc/arm-none-eabi/6.3.1/../../../../arm-none-eabi/lib/thumb/v7-m/libc_nano.a
END GROUP
                0x0000000020005000                __stack = (ORIGIN (RAM) + LENGTH (RAM))
                0x0000000020005000                _estack = __stack
                0x0000000000000400                __Main_Stack_Size = 0x400
                [!provide]                        PROVIDE (_Main_Stack_Size, __Main_Stack_Size)
                0x0000000020004c00                __Main_Stack_Limit = (__stack - __Main_Stack_Size)
                [!provide]                        PROVIDE (_Main_Stack_Limit, __Main_Stack_Limit)
                0x0000000000000100                _Minimum_Stack_Size = 0x100
                0x0000000020000134                PROVIDE (_Heap_Begin, _end_noinit)
                0x0000000020004c00                PROVIDE (_Heap_Limit, (__stack - __Main_Stack_Size))

.isr_vector     0x0000000008000000      0x350
 FILL mask 0xff
                0x0000000008000000                __vectors_start = ABSOLUTE (.)
                0x0000000008000000                __vectors_start__ = ABSOLUTE (.)
 *(.isr_vector)
 .isr_vector    0x0000000008000000      0x10c ./system/src/cmsis/vectors_stm32f10x.o
                0x0000000008000000                __isr_vectors
 *(.cfmconfig)
 *(.after_vectors .after_vectors.*)
 .after_vectors
                0x000000000800010c      0x114 ./system/src/newlib/_startup.o
                0x000000000800010c                _start
 .after_vectors
                0x0000000008000220      0x12c ./system/src/cortexm/exception_handlers.o
                0x0000000008000220                Reset_Handler
                0x0000000008000226                NMI_Handler
                0x000000000800022a                HardFault_Handler
                0x000000000800023e                HardFault_Handler_C
                0x000000000800029c                MemManage_Handler
                0x00000000080002a0                BusFault_Handler
                0x00000000080002b4                BusFault_Handler_C
                0x00000000080002e8                UsageFault_Handler
                0x00000000080002fc                UsageFault_Handler_C
                0x0000000008000330                SVC_Handler
                0x0000000008000334                DebugMon_Handler
                0x0000000008000338                PendSV_Handler
                0x000000000800033c                SysTick_Handler
 .after_vectors
                0x000000000800034c        0x4 ./system/src/cmsis/vectors_stm32f10x.o
                0x000000000800034c                EXTI2_IRQHandler
                0x000000000800034c                TIM8_TRG_COM_IRQHandler
                0x000000000800034c                TIM8_CC_IRQHandler
                0x000000000800034c                TIM1_CC_IRQHandler
                0x000000000800034c                TIM6_IRQHandler
                0x000000000800034c                PVD_IRQHandler
                0x000000000800034c                SDIO_IRQHandler
                0x000000000800034c                CAN2_RX1_IRQHandler
                0x000000000800034c                EXTI3_IRQHandler
                0x000000000800034c                TIM8_TRG_COM_TIM14_IRQHandler
                0x000000000800034c                TIM1_UP_TIM10_IRQHandler
                0x000000000800034c                TIM8_UP_TIM13_IRQHandler
                0x000000000800034c                EXTI0_IRQHandler
                0x000000000800034c                I2C2_EV_IRQHandler
                0x000000000800034c                CAN1_RX0_IRQHandler
                0x000000000800034c                TIM1_UP_TIM16_IRQHandler
                0x000000000800034c                CAN2_SCE_IRQHandler
                0x000000000800034c                ADC1_2_IRQHandler
                0x000000000800034c                SPI1_IRQHandler
                0x000000000800034c                TAMPER_IRQHandler
                0x000000000800034c                TIM6_DAC_IRQHandler
                0x000000000800034c                TIM1_BRK_TIM9_IRQHandler
                0x000000000800034c                CAN2_RX0_IRQHandler
                0x000000000800034c                TIM8_UP_IRQHandler
                0x000000000800034c                DMA2_Channel2_IRQHandler
                0x000000000800034c                DMA1_Channel4_IRQHandler
                0x000000000800034c                USART3_IRQHandler
                0x000000000800034c                RTC_IRQHandler
                0x000000000800034c                DMA1_Channel7_IRQHandler
                0x000000000800034c                CAN1_RX1_IRQHandler
                0x000000000800034c                UART5_IRQHandler
                0x000000000800034c                ADC3_IRQHandler
                0x000000000800034c                TIM4_IRQHandler
                0x000000000800034c                DMA2_Channel1_IRQHandler
                0x000000000800034c                I2C1_EV_IRQHandler
                0x000000000800034c                DMA1_Channel6_IRQHandler
                0x000000000800034c                UART4_IRQHandler
                0x000000000800034c                DMA2_Channel4_IRQHandler
                0x000000000800034c                TIM3_IRQHandler
                0x000000000800034c                RCC_IRQHandler
                0x000000000800034c                TIM8_BRK_TIM12_IRQHandler
                0x000000000800034c                TIM1_TRG_COM_IRQHandler
                0x000000000800034c                DMA1_Channel1_IRQHandler
                0x000000000800034c                Default_Handler
                0x000000000800034c                CEC_IRQHandler
                0x000000000800034c                EXTI15_10_IRQHandler
                0x000000000800034c                TIM14_IRQHandler
                0x000000000800034c                TIM13_IRQHandler
                0x000000000800034c                TIM12_IRQHandler
                0x000000000800034c                TIM7_IRQHandler
                0x000000000800034c                CAN2_TX_IRQHandler
                0x000000000800034c                TIM5_IRQHandler
                0x000000000800034c                EXTI9_5_IRQHandler
                0x000000000800034c                ETH_WKUP_IRQHandler
                0x000000000800034c                SPI2_IRQHandler
                0x000000000800034c                CAN1_TX_IRQHandler
                0x000000000800034c                DMA2_Channel5_IRQHandler
                0x000000000800034c                DMA1_Channel5_IRQHandler
                0x000000000800034c                EXTI4_IRQHandler
                0x000000000800034c                USB_LP_CAN1_RX0_IRQHandler
                0x000000000800034c                TIM1_TRG_COM_TIM17_IRQHandler
                0x000000000800034c                USB_HP_CAN1_TX_IRQHandler
                0x000000000800034c                DMA1_Channel3_IRQHandler
                0x000000000800034c                FSMC_IRQHandler
                0x000000000800034c                ETH_IRQHandler
                0x000000000800034c                TIM1_UP_IRQHandler
                0x000000000800034c                WWDG_IRQHandler
                0x000000000800034c                TIM2_IRQHandler
                0x000000000800034c                OTG_FS_WKUP_IRQHandler
                0x000000000800034c                TIM1_TRG_COM_TIM11_IRQHandler
                0x000000000800034c                TIM1_BRK_IRQHandler
                0x000000000800034c                EXTI1_IRQHandler
                0x000000000800034c                RTCAlarm_IRQHandler
                0x000000000800034c                DMA2_Channel4_5_IRQHandler
                0x000000000800034c                USART2_IRQHandler
                0x000000000800034c                I2C2_ER_IRQHandler
                0x000000000800034c                DMA1_Channel2_IRQHandler
                0x000000000800034c                TIM8_BRK_IRQHandler
                0x000000000800034c                CAN1_SCE_IRQHandler
                0x000000000800034c                FLASH_IRQHandler
                0x000000000800034c                USART1_IRQHandler
                0x000000000800034c                OTG_FS_IRQHandler
                0x000000000800034c                SPI3_IRQHandler
                0x000000000800034c                I2C1_ER_IRQHandler
                0x000000000800034c                USBWakeUp_IRQHandler
                0x000000000800034c                DMA2_Channel3_IRQHandler
                0x000000000800034c                TIM1_BRK_TIM15_IRQHandler

.inits          0x0000000008000350       0x28
                0x0000000008000350                __data_regions_array_start = .
                0x0000000008000350        0x4 LONG 0x8001e84 LOADADDR (.data)
                0x0000000008000354        0x4 LONG 0x20000000 ADDR (.data)
                0x0000000008000358        0x4 LONG 0x20000088 (ADDR (.data) + SIZEOF (.data))
                0x000000000800035c        0x4 LONG 0x8001e84 LOADADDR (.data_CCMRAM)
                0x0000000008000360        0x4 LONG 0x0 ADDR (.data_CCMRAM)
                0x0000000008000364        0x4 LONG 0x0 (ADDR (.data_CCMRAM) + SIZEOF (.data_CCMRAM))
                0x0000000008000368                __data_regions_array_end = .
                0x0000000008000368                __bss_regions_array_start = .
                0x0000000008000368        0x4 LONG 0x20000088 ADDR (.bss)
                0x000000000800036c        0x4 LONG 0x20000134 (ADDR (.bss) + SIZEOF (.bss))
                0x0000000008000370        0x4 LONG 0x0 ADDR (.bss_CCMRAM)
                0x0000000008000374        0x4 LONG 0x0 (ADDR (.bss_CCMRAM) + SIZEOF (.bss_CCMRAM))
                0x0000000008000378                __bss_regions_array_end = .
 *(.init)
 *(.fini)
                0x0000000008000378                . = ALIGN (0x4)
                0x0000000008000378                PROVIDE (__preinit_array_start, .)
 *(.preinit_array_sysinit .preinit_array_sysinit.*)
 *(.preinit_array_platform .preinit_array_platform.*)
 *(.preinit_array .preinit_array.*)
                0x0000000008000378                PROVIDE (__preinit_array_end, .)
                0x0000000008000378                . = ALIGN (0x4)
                0x0000000008000378                PROVIDE (__init_array_start, .)
 *(SORT(.init_array.*))
 *(.init_array)
                0x0000000008000378                PROVIDE (__init_array_end, .)
                0x0000000008000378                . = ALIGN (0x4)
                0x0000000008000378                PROVIDE (__fini_array_start, .)
 *(SORT(.fini_array.*))
 *(.fini_array)
                0x0000000008000378                PROVIDE (__fini_array_end, .)

.flashtext
 *(.flashtext .flashtext.*)

.text           0x0000000008000378     0x1b0b
 *(.text .text.*)
 .text._exit    0x0000000008000378        0x2 ./system/src/newlib/_exit.o
                0x0000000008000378                _exit
 *fill*         0x000000000800037a        0x2 
 .text._sbrk    0x000000000800037c       0x44 ./system/src/newlib/_sbrk.o
                0x000000000800037c                _sbrk
 .text.__initialize_args
                0x00000000080003c0       0x10 ./system/src/newlib/_syscalls.o
                0x00000000080003c0                __initialize_args
 .text.trace_printf
                0x00000000080003d0       0x30 ./system/src/diag/Trace.o
                0x00000000080003d0                trace_printf
 .text._trace_write_semihosting_debug
                0x0000000008000400       0x60 ./system/src/diag/trace_impl.o
 .text.trace_write
                0x0000000008000460        0x8 ./system/src/diag/trace_impl.o
                0x0000000008000460                trace_write
 .text.__initialize_hardware_early
                0x0000000008000468       0x18 ./system/src/cortexm/_initialize_hardware.o
                0x0000000008000468                __initialize_hardware_early
 .text.__initialize_hardware
                0x0000000008000480        0x8 ./system/src/cortexm/_initialize_hardware.o
                0x0000000008000480                __initialize_hardware
 .text.dumpExceptionStack
                0x0000000008000488       0xf4 ./system/src/cortexm/exception_handlers.o
                0x0000000008000488                dumpExceptionStack
 .text.isSemihosting
                0x000000000800057c       0x20 ./system/src/cortexm/exception_handlers.o
                0x000000000800057c                isSemihosting
 .text.SetSysClockTo72
                0x000000000800059c       0xc4 ./system/src/cmsis/system_stm32f10x.o
 .text.SetSysClock
                0x0000000008000660        0x8 ./system/src/cmsis/system_stm32f10x.o
 .text.SystemInit
                0x0000000008000668       0x50 ./system/src/cmsis/system_stm32f10x.o
                0x0000000008000668                SystemInit
 .text.SystemCoreClockUpdate
                0x00000000080006b8       0x94 ./system/src/cmsis/system_stm32f10x.o
                0x00000000080006b8                SystemCoreClockUpdate
 .text.emStop   0x000000000800074c       0x94 ./src/main.o
                0x000000000800074c                emStop
 .text.emStop1  0x00000000080007e0       0x94 ./src/main.o
                0x00000000080007e0                emStop1
 .text.timerSetup
                0x0000000008000874      0x150 ./src/main.o
                0x0000000008000874                timerSetup
 .text.GPIOSetup
                0x00000000080009c4       0x34 ./src/main.o
                0x00000000080009c4                GPIOSetup
 .text.UARTSetup
                0x00000000080009f8       0x44 ./src/main.o
                0x00000000080009f8                UARTSetup
 .text.UARTSetup1
                0x0000000008000a3c       0x44 ./src/main.o
                0x0000000008000a3c                UARTSetup1
 .text.map      0x0000000008000a80       0x1c ./src/main.o
                0x0000000008000a80                map
 .text.motorCode
                0x0000000008000a9c      0x6fc ./src/main.o
                0x0000000008000a9c                motorCode
 .text.main     0x0000000008001198      0x2e0 ./src/main.o
                0x0000000008001198                main
 .text.__errno  0x0000000008001478        0xc /home/tanishq/Downloads/gcc-arm-none-eabi-6-2017-q1-update/bin/../lib/gcc/arm-none-eabi/6.3.1/../../../../arm-none-eabi/lib/thumb/v7-m/libg_nano.a(lib_a-errno.o)
                0x0000000008001478                __errno
 .text._vsnprintf_r
                0x0000000008001484       0x58 /home/tanishq/Downloads/gcc-arm-none-eabi-6-2017-q1-update/bin/../lib/gcc/arm-none-eabi/6.3.1/../../../../arm-none-eabi/lib/thumb/v7-m/libg_nano.a(lib_a-vsnprintf.o)
                0x0000000008001484                _vsnprintf_r
                0x0000000008001484                _vsniprintf_r
 .text.vsnprintf
                0x00000000080014dc       0x1c /home/tanishq/Downloads/gcc-arm-none-eabi-6-2017-q1-update/bin/../lib/gcc/arm-none-eabi/6.3.1/../../../../arm-none-eabi/lib/thumb/v7-m/libg_nano.a(lib_a-vsnprintf.o)
                0x00000000080014dc                vsnprintf
                0x00000000080014dc                vsniprintf
 .text.__ssputs_r
                0x00000000080014f8       0xb6 /home/tanishq/Downloads/gcc-arm-none-eabi-6-2017-q1-update/bin/../lib/gcc/arm-none-eabi/6.3.1/../../../../arm-none-eabi/lib/thumb/v7-m/libg_nano.a(lib_a-nano-svfprintf.o)
                0x00000000080014f8                __ssputs_r
 *fill*         0x00000000080015ae        0x2 
 .text._svfprintf_r
                0x00000000080015b0      0x1e8 /home/tanishq/Downloads/gcc-arm-none-eabi-6-2017-q1-update/bin/../lib/gcc/arm-none-eabi/6.3.1/../../../../arm-none-eabi/lib/thumb/v7-m/libg_nano.a(lib_a-nano-svfprintf.o)
                0x00000000080015b0                _svfprintf_r
                0x00000000080015b0                _svfiprintf_r
 .text._printf_common
                0x0000000008001798       0xee /home/tanishq/Downloads/gcc-arm-none-eabi-6-2017-q1-update/bin/../lib/gcc/arm-none-eabi/6.3.1/../../../../arm-none-eabi/lib/thumb/v7-m/libg_nano.a(lib_a-nano-vfprintf_i.o)
                0x0000000008001798                _printf_common
 *fill*         0x0000000008001886        0x2 
 .text._printf_i
                0x0000000008001888      0x240 /home/tanishq/Downloads/gcc-arm-none-eabi-6-2017-q1-update/bin/../lib/gcc/arm-none-eabi/6.3.1/../../../../arm-none-eabi/lib/thumb/v7-m/libg_nano.a(lib_a-nano-vfprintf_i.o)
                0x0000000008001888                _printf_i
 .text.memchr   0x0000000008001ac8       0x1c /home/tanishq/Downloads/gcc-arm-none-eabi-6-2017-q1-update/bin/../lib/gcc/arm-none-eabi/6.3.1/../../../../arm-none-eabi/lib/thumb/v7-m/libg_nano.a(lib_a-memchr-stub.o)
                0x0000000008001ac8                memchr
 .text.memcpy   0x0000000008001ae4       0x16 /home/tanishq/Downloads/gcc-arm-none-eabi-6-2017-q1-update/bin/../lib/gcc/arm-none-eabi/6.3.1/../../../../arm-none-eabi/lib/thumb/v7-m/libg_nano.a(lib_a-memcpy-stub.o)
                0x0000000008001ae4                memcpy
 .text.memmove  0x0000000008001afa       0x34 /home/tanishq/Downloads/gcc-arm-none-eabi-6-2017-q1-update/bin/../lib/gcc/arm-none-eabi/6.3.1/../../../../arm-none-eabi/lib/thumb/v7-m/libg_nano.a(lib_a-memmove.o)
                0x0000000008001afa                memmove
 *fill*         0x0000000008001b2e        0x2 
 .text._free_r  0x0000000008001b30       0x98 /home/tanishq/Downloads/gcc-arm-none-eabi-6-2017-q1-update/bin/../lib/gcc/arm-none-eabi/6.3.1/../../../../arm-none-eabi/lib/thumb/v7-m/libg_nano.a(lib_a-nano-freer.o)
                0x0000000008001b30                _free_r
 .text._malloc_r
                0x0000000008001bc8       0xbc /home/tanishq/Downloads/gcc-arm-none-eabi-6-2017-q1-update/bin/../lib/gcc/arm-none-eabi/6.3.1/../../../../arm-none-eabi/lib/thumb/v7-m/libg_nano.a(lib_a-nano-mallocr.o)
                0x0000000008001bc8                _malloc_r
 .text._realloc_r
                0x0000000008001c84       0x4c /home/tanishq/Downloads/gcc-arm-none-eabi-6-2017-q1-update/bin/../lib/gcc/arm-none-eabi/6.3.1/../../../../arm-none-eabi/lib/thumb/v7-m/libg_nano.a(lib_a-nano-reallocr.o)
                0x0000000008001c84                _realloc_r
 .text._sbrk_r  0x0000000008001cd0       0x20 /home/tanishq/Downloads/gcc-arm-none-eabi-6-2017-q1-update/bin/../lib/gcc/arm-none-eabi/6.3.1/../../../../arm-none-eabi/lib/thumb/v7-m/libg_nano.a(lib_a-sbrkr.o)
                0x0000000008001cd0                _sbrk_r
 .text.__malloc_lock
                0x0000000008001cf0        0x2 /home/tanishq/Downloads/gcc-arm-none-eabi-6-2017-q1-update/bin/../lib/gcc/arm-none-eabi/6.3.1/../../../../arm-none-eabi/lib/thumb/v7-m/libg_nano.a(lib_a-mlock.o)
                0x0000000008001cf0                __malloc_lock
 .text.__malloc_unlock
                0x0000000008001cf2        0x2 /home/tanishq/Downloads/gcc-arm-none-eabi-6-2017-q1-update/bin/../lib/gcc/arm-none-eabi/6.3.1/../../../../arm-none-eabi/lib/thumb/v7-m/libg_nano.a(lib_a-mlock.o)
                0x0000000008001cf2                __malloc_unlock
 .text._malloc_usable_size_r
                0x0000000008001cf4       0x12 /home/tanishq/Downloads/gcc-arm-none-eabi-6-2017-q1-update/bin/../lib/gcc/arm-none-eabi/6.3.1/../../../../arm-none-eabi/lib/thumb/v7-m/libg_nano.a(lib_a-nano-msizer.o)
                0x0000000008001cf4                _malloc_usable_size_r
 *(.rodata .rodata.* .constdata .constdata.*)
 *fill*         0x0000000008001d06        0x2 
 .rodata.dumpExceptionStack.str1.4
                0x0000000008001d08      0x11a ./system/src/cortexm/exception_handlers.o
 *fill*         0x0000000008001e22        0x2 
 .rodata.str1.4
                0x0000000008001e24       0x2c ./system/src/cortexm/exception_handlers.o
                                         0x2a (size before relaxing)
 .rodata._svfprintf_r.str1.1
                0x0000000008001e50       0x11 /home/tanishq/Downloads/gcc-arm-none-eabi-6-2017-q1-update/bin/../lib/gcc/arm-none-eabi/6.3.1/../../../../arm-none-eabi/lib/thumb/v7-m/libg_nano.a(lib_a-nano-svfprintf.o)
 .rodata._printf_i.str1.1
                0x0000000008001e61       0x22 /home/tanishq/Downloads/gcc-arm-none-eabi-6-2017-q1-update/bin/../lib/gcc/arm-none-eabi/6.3.1/../../../../arm-none-eabi/lib/thumb/v7-m/libg_nano.a(lib_a-nano-vfprintf_i.o)
 *(vtable)
 *(.eh_frame*)
 *(.glue_7)
 .glue_7        0x0000000008001e83        0x0 linker stubs
 *(.glue_7t)
 .glue_7t       0x0000000008001e83        0x0 linker stubs

.vfp11_veneer   0x0000000008001e84        0x0
 .vfp11_veneer  0x0000000008001e84        0x0 linker stubs

.v4_bx          0x0000000008001e84        0x0
 .v4_bx         0x0000000008001e84        0x0 linker stubs

.iplt           0x0000000008001e84        0x0
 .iplt          0x0000000008001e84        0x0 ./system/src/stm32f1-stdperiph/misc.o

.rel.dyn        0x0000000008001e84        0x0
 .rel.iplt      0x0000000008001e84        0x0 ./system/src/stm32f1-stdperiph/misc.o

.ARM.extab
 *(.ARM.extab* .gnu.linkonce.armextab.*)
                0x0000000008001e84                . = ALIGN (0x4)
                0x0000000008001e84                __exidx_start = .

.ARM.exidx
 *(.ARM.exidx* .gnu.linkonce.armexidx.*)
                0x0000000008001e84                __exidx_end = .
                0x0000000008001e84                . = ALIGN (0x4)
                0x0000000008001e84                _etext = .
                0x0000000008001e84                __etext = .

.data_CCMRAM    0x0000000000000000        0x0 load address 0x0000000008001e84
 FILL mask 0xff
 *(.data.CCMRAM .data.CCMRAM.*)
                0x0000000000000000                . = ALIGN (0x4)
                0x0000000008001e84                _sidata = LOADADDR (.data)

.data           0x0000000020000000       0x88 load address 0x0000000008001e84
 FILL mask 0xff
                0x0000000020000000                _sdata = .
                0x0000000020000000                __data_start__ = .
 *(.data_begin .data_begin.*)
 .data_begin    0x0000000020000000        0x4 ./system/src/newlib/_startup.o
 *(.data .data.*)
 .data.argv.4263
                0x0000000020000004        0x8 ./system/src/newlib/_syscalls.o
 .data.AHBPrescTable
                0x000000002000000c       0x10 ./system/src/cmsis/system_stm32f10x.o
                0x000000002000000c                AHBPrescTable
 .data.SystemCoreClock
                0x000000002000001c        0x4 ./system/src/cmsis/system_stm32f10x.o
                0x000000002000001c                SystemCoreClock
 .data._impure_ptr
                0x0000000020000020        0x4 /home/tanishq/Downloads/gcc-arm-none-eabi-6-2017-q1-update/bin/../lib/gcc/arm-none-eabi/6.3.1/../../../../arm-none-eabi/lib/thumb/v7-m/libg_nano.a(lib_a-impure.o)
                0x0000000020000020                _impure_ptr
 .data.impure_data
                0x0000000020000024       0x60 /home/tanishq/Downloads/gcc-arm-none-eabi-6-2017-q1-update/bin/../lib/gcc/arm-none-eabi/6.3.1/../../../../arm-none-eabi/lib/thumb/v7-m/libg_nano.a(lib_a-impure.o)
 *(.data_end .data_end.*)
 .data_end      0x0000000020000084        0x4 ./system/src/newlib/_startup.o
                0x0000000020000088                . = ALIGN (0x4)
                0x0000000020000088                _edata = .
                0x0000000020000088                __data_end__ = .

.igot.plt       0x0000000020000088        0x0 load address 0x0000000008001f0c
 .igot.plt      0x0000000020000088        0x0 ./system/src/stm32f1-stdperiph/misc.o

.bss_CCMRAM     0x0000000000000000        0x0
 *(.bss.CCMRAM .bss.CCMRAM.*)

.bss            0x0000000020000088       0xac
                0x0000000020000088                __bss_start__ = .
                0x0000000020000088                _sbss = .
 *(.bss_begin .bss_begin.*)
 .bss_begin     0x0000000020000088        0x4 ./system/src/newlib/_startup.o
 *(.bss .bss.*)
 .bss.current_heap_end.3947
                0x000000002000008c        0x4 ./system/src/newlib/_sbrk.o
 .bss.name.4262
                0x0000000020000090        0x1 ./system/src/newlib/_syscalls.o
 *fill*         0x0000000020000091        0x3 
 .bss.buf.5152  0x0000000020000094       0x80 ./system/src/diag/Trace.o
 .bss.c2        0x0000000020000114        0x1 ./src/main.o
                0x0000000020000114                c2
 .bss.w2        0x0000000020000115        0x1 ./src/main.o
                0x0000000020000115                w2
 *fill*         0x0000000020000116        0x2 
 .bss.x2        0x0000000020000118        0x4 ./src/main.o
                0x0000000020000118                x2
 .bss.y2        0x000000002000011c        0x4 ./src/main.o
                0x000000002000011c                y2
 .bss.z2        0x0000000020000120        0x1 ./src/main.o
                0x0000000020000120                z2
 *fill*         0x0000000020000121        0x3 
 .bss.__malloc_free_list
                0x0000000020000124        0x4 /home/tanishq/Downloads/gcc-arm-none-eabi-6-2017-q1-update/bin/../lib/gcc/arm-none-eabi/6.3.1/../../../../arm-none-eabi/lib/thumb/v7-m/libg_nano.a(lib_a-nano-mallocr.o)
                0x0000000020000124                __malloc_free_list
 .bss.__malloc_sbrk_start
                0x0000000020000128        0x4 /home/tanishq/Downloads/gcc-arm-none-eabi-6-2017-q1-update/bin/../lib/gcc/arm-none-eabi/6.3.1/../../../../arm-none-eabi/lib/thumb/v7-m/libg_nano.a(lib_a-nano-mallocr.o)
                0x0000000020000128                __malloc_sbrk_start
 *(COMMON)
 COMMON         0x000000002000012c        0x4 ./system/src/newlib/_syscalls.o
                0x000000002000012c                errno
 *(.bss_end .bss_end.*)
 .bss_end       0x0000000020000130        0x4 ./system/src/newlib/_startup.o
                0x0000000020000134                . = ALIGN (0x4)
                0x0000000020000134                __bss_end__ = .
                0x0000000020000134                _ebss = .

.noinit_CCMRAM
 *(.noinit.CCMRAM .noinit.CCMRAM.*)

.noinit         0x0000000020000134        0x0
                0x0000000020000134                _noinit = .
 *(.noinit .noinit.*)
                0x0000000020000134                . = ALIGN (0x4)
                0x0000000020000134                _end_noinit = .
                [!provide]                        PROVIDE (end, _end_noinit)
                [!provide]                        PROVIDE (_end, _end_noinit)
                [!provide]                        PROVIDE (__end, _end_noinit)
                [!provide]                        PROVIDE (__end__, _end_noinit)

._check_stack   0x0000000020000134      0x100
                0x0000000020000234                . = (. + _Minimum_Stack_Size)
 *fill*         0x0000000020000134      0x100 

.b1text
 *(.b1text)
 *(.b1rodata)
 *(.b1rodata.*)

.eb0text
 *(.eb0text)
 *(.eb0rodata)
 *(.eb0rodata.*)

.eb1text
 *(.eb1text)
 *(.eb1rodata)
 *(.eb1rodata.*)

.eb2text
 *(.eb2text)
 *(.eb2rodata)
 *(.eb2rodata.*)

.eb3text
 *(.eb3text)
 *(.eb3rodata)
 *(.eb3rodata.*)

.stab
 *(.stab)

.stabstr
 *(.stabstr)

.stab.excl
 *(.stab.excl)

.stab.exclstr
 *(.stab.exclstr)

.stab.index
 *(.stab.index)

.stab.indexstr
 *(.stab.indexstr)

.comment        0x0000000000000000       0x7f
 *(.comment)
 .comment       0x0000000000000000       0x7f ./system/src/newlib/_exit.o
                                         0x80 (size before relaxing)
 .comment       0x000000000000007f       0x80 ./system/src/newlib/_sbrk.o
 .comment       0x000000000000007f       0x80 ./system/src/newlib/_startup.o
 .comment       0x000000000000007f       0x80 ./system/src/newlib/_syscalls.o
 .comment       0x000000000000007f       0x80 ./system/src/diag/Trace.o
 .comment       0x000000000000007f       0x80 ./system/src/diag/trace_impl.o
 .comment       0x000000000000007f       0x80 ./system/src/cortexm/_initialize_hardware.o
 .comment       0x000000000000007f       0x80 ./system/src/cortexm/exception_handlers.o
 .comment       0x000000000000007f       0x80 ./system/src/cmsis/system_stm32f10x.o
 .comment       0x000000000000007f       0x80 ./system/src/cmsis/vectors_stm32f10x.o
 .comment       0x000000000000007f       0x80 ./src/main.o

.ARM.attributes
                0x0000000000000000       0x31
 .ARM.attributes
                0x0000000000000000       0x33 ./system/src/newlib/_exit.o
 .ARM.attributes
                0x0000000000000033       0x33 ./system/src/newlib/_sbrk.o
 .ARM.attributes
                0x0000000000000066       0x33 ./system/src/newlib/_startup.o
 .ARM.attributes
                0x0000000000000099       0x33 ./system/src/newlib/_syscalls.o
 .ARM.attributes
                0x00000000000000cc       0x33 ./system/src/diag/Trace.o
 .ARM.attributes
                0x00000000000000ff       0x33 ./system/src/diag/trace_impl.o
 .ARM.attributes
                0x0000000000000132       0x33 ./system/src/cortexm/_initialize_hardware.o
 .ARM.attributes
                0x0000000000000165       0x33 ./system/src/cortexm/exception_handlers.o
 .ARM.attributes
                0x0000000000000198       0x33 ./system/src/cmsis/system_stm32f10x.o
 .ARM.attributes
                0x00000000000001cb       0x33 ./system/src/cmsis/vectors_stm32f10x.o
 .ARM.attributes
                0x00000000000001fe       0x33 ./src/main.o
 .ARM.attributes
                0x0000000000000231       0x2d /home/tanishq/Downloads/gcc-arm-none-eabi-6-2017-q1-update/bin/../lib/gcc/arm-none-eabi/6.3.1/../../../../arm-none-eabi/lib/thumb/v7-m/libg_nano.a(lib_a-errno.o)
 .ARM.attributes
                0x000000000000025e       0x2d /home/tanishq/Downloads/gcc-arm-none-eabi-6-2017-q1-update/bin/../lib/gcc/arm-none-eabi/6.3.1/../../../../arm-none-eabi/lib/thumb/v7-m/libg_nano.a(lib_a-impure.o)
 .ARM.attributes
                0x000000000000028b       0x2d /home/tanishq/Downloads/gcc-arm-none-eabi-6-2017-q1-update/bin/../lib/gcc/arm-none-eabi/6.3.1/../../../../arm-none-eabi/lib/thumb/v7-m/libg_nano.a(lib_a-vsnprintf.o)
 .ARM.attributes
                0x00000000000002b8       0x2d /home/tanishq/Downloads/gcc-arm-none-eabi-6-2017-q1-update/bin/../lib/gcc/arm-none-eabi/6.3.1/../../../../arm-none-eabi/lib/thumb/v7-m/libg_nano.a(lib_a-nano-svfprintf.o)
 .ARM.attributes
                0x00000000000002e5       0x2d /home/tanishq/Downloads/gcc-arm-none-eabi-6-2017-q1-update/bin/../lib/gcc/arm-none-eabi/6.3.1/../../../../arm-none-eabi/lib/thumb/v7-m/libg_nano.a(lib_a-nano-vfprintf_i.o)
 .ARM.attributes
                0x0000000000000312       0x2d /home/tanishq/Downloads/gcc-arm-none-eabi-6-2017-q1-update/bin/../lib/gcc/arm-none-eabi/6.3.1/../../../../arm-none-eabi/lib/thumb/v7-m/libg_nano.a(lib_a-memchr-stub.o)
 .ARM.attributes
                0x000000000000033f       0x2d /home/tanishq/Downloads/gcc-arm-none-eabi-6-2017-q1-update/bin/../lib/gcc/arm-none-eabi/6.3.1/../../../../arm-none-eabi/lib/thumb/v7-m/libg_nano.a(lib_a-memcpy-stub.o)
 .ARM.attributes
                0x000000000000036c       0x2d /home/tanishq/Downloads/gcc-arm-none-eabi-6-2017-q1-update/bin/../lib/gcc/arm-none-eabi/6.3.1/../../../../arm-none-eabi/lib/thumb/v7-m/libg_nano.a(lib_a-memmove.o)
 .ARM.attributes
                0x0000000000000399       0x2d /home/tanishq/Downloads/gcc-arm-none-eabi-6-2017-q1-update/bin/../lib/gcc/arm-none-eabi/6.3.1/../../../../arm-none-eabi/lib/thumb/v7-m/libg_nano.a(lib_a-nano-freer.o)
 .ARM.attributes
                0x00000000000003c6       0x2d /home/tanishq/Downloads/gcc-arm-none-eabi-6-2017-q1-update/bin/../lib/gcc/arm-none-eabi/6.3.1/../../../../arm-none-eabi/lib/thumb/v7-m/libg_nano.a(lib_a-nano-mallocr.o)
 .ARM.attributes
                0x00000000000003f3       0x2d /home/tanishq/Downloads/gcc-arm-none-eabi-6-2017-q1-update/bin/../lib/gcc/arm-none-eabi/6.3.1/../../../../arm-none-eabi/lib/thumb/v7-m/libg_nano.a(lib_a-nano-reallocr.o)
 .ARM.attributes
                0x0000000000000420       0x2d /home/tanishq/Downloads/gcc-arm-none-eabi-6-2017-q1-update/bin/../lib/gcc/arm-none-eabi/6.3.1/../../../../arm-none-eabi/lib/thumb/v7-m/libg_nano.a(lib_a-sbrkr.o)
 .ARM.attributes
                0x000000000000044d       0x2d /home/tanishq/Downloads/gcc-arm-none-eabi-6-2017-q1-update/bin/../lib/gcc/arm-none-eabi/6.3.1/../../../../arm-none-eabi/lib/thumb/v7-m/libg_nano.a(lib_a-mlock.o)
 .ARM.attributes
                0x000000000000047a       0x2d /home/tanishq/Downloads/gcc-arm-none-eabi-6-2017-q1-update/bin/../lib/gcc/arm-none-eabi/6.3.1/../../../../arm-none-eabi/lib/thumb/v7-m/libg_nano.a(lib_a-nano-msizer.o)

.debug
 *(.debug)

.line
 *(.line)

.debug_srcinfo
 *(.debug_srcinfo)

.debug_sfnames
 *(.debug_sfnames)

.debug_aranges  0x0000000000000000      0x298
 *(.debug_aranges)
 .debug_aranges
                0x0000000000000000       0x28 ./system/src/newlib/_exit.o
 .debug_aranges
                0x0000000000000028       0x20 ./system/src/newlib/_sbrk.o
 .debug_aranges
                0x0000000000000048       0x40 ./system/src/newlib/_startup.o
 .debug_aranges
                0x0000000000000088       0x30 ./system/src/newlib/_syscalls.o
 .debug_aranges
                0x00000000000000b8       0x38 ./system/src/diag/Trace.o
 .debug_aranges
                0x00000000000000f0       0x30 ./system/src/diag/trace_impl.o
 .debug_aranges
                0x0000000000000120       0x28 ./system/src/cortexm/_initialize_hardware.o
 .debug_aranges
                0x0000000000000148       0x90 ./system/src/cortexm/exception_handlers.o
 .debug_aranges
                0x00000000000001d8       0x38 ./system/src/cmsis/system_stm32f10x.o
 .debug_aranges
                0x0000000000000210       0x20 ./system/src/cmsis/vectors_stm32f10x.o
 .debug_aranges
                0x0000000000000230       0x68 ./src/main.o

.debug_pubnames
 *(.debug_pubnames)

.debug_info     0x0000000000000000     0x53e8
 *(.debug_info .gnu.linkonce.wi.*)
 .debug_info    0x0000000000000000      0x95d ./system/src/newlib/_exit.o
 .debug_info    0x000000000000095d      0x949 ./system/src/newlib/_sbrk.o
 .debug_info    0x00000000000012a6      0x435 ./system/src/newlib/_startup.o
 .debug_info    0x00000000000016db      0xa20 ./system/src/newlib/_syscalls.o
 .debug_info    0x00000000000020fb      0xb31 ./system/src/diag/Trace.o
 .debug_info    0x0000000000002c2c      0x36d ./system/src/diag/trace_impl.o
 .debug_info    0x0000000000002f99      0x2bc ./system/src/cortexm/_initialize_hardware.o
 .debug_info    0x0000000000003255     0x1146 ./system/src/cortexm/exception_handlers.o
 .debug_info    0x000000000000439b      0x49a ./system/src/cmsis/system_stm32f10x.o
 .debug_info    0x0000000000004835       0xd1 ./system/src/cmsis/vectors_stm32f10x.o
 .debug_info    0x0000000000004906      0xae2 ./src/main.o

.debug_abbrev   0x0000000000000000     0x1490
 *(.debug_abbrev)
 .debug_abbrev  0x0000000000000000      0x1f3 ./system/src/newlib/_exit.o
 .debug_abbrev  0x00000000000001f3      0x1fc ./system/src/newlib/_sbrk.o
 .debug_abbrev  0x00000000000003ef      0x1b3 ./system/src/newlib/_startup.o
 .debug_abbrev  0x00000000000005a2      0x234 ./system/src/newlib/_syscalls.o
 .debug_abbrev  0x00000000000007d6      0x276 ./system/src/diag/Trace.o
 .debug_abbrev  0x0000000000000a4c      0x1e2 ./system/src/diag/trace_impl.o
 .debug_abbrev  0x0000000000000c2e       0xea ./system/src/cortexm/_initialize_hardware.o
 .debug_abbrev  0x0000000000000d18      0x329 ./system/src/cortexm/exception_handlers.o
 .debug_abbrev  0x0000000000001041      0x175 ./system/src/cmsis/system_stm32f10x.o
 .debug_abbrev  0x00000000000011b6       0x9d ./system/src/cmsis/vectors_stm32f10x.o
 .debug_abbrev  0x0000000000001253      0x23d ./src/main.o

.debug_line     0x0000000000000000     0x2edb
 *(.debug_line)
 .debug_line    0x0000000000000000      0x358 ./system/src/newlib/_exit.o
 .debug_line    0x0000000000000358      0x30c ./system/src/newlib/_sbrk.o
 .debug_line    0x0000000000000664      0x3c6 ./system/src/newlib/_startup.o
 .debug_line    0x0000000000000a2a      0x426 ./system/src/newlib/_syscalls.o
 .debug_line    0x0000000000000e50      0x3c6 ./system/src/diag/Trace.o
 .debug_line    0x0000000000001216      0x63e ./system/src/diag/trace_impl.o
 .debug_line    0x0000000000001854      0x375 ./system/src/cortexm/_initialize_hardware.o
 .debug_line    0x0000000000001bc9      0x6f4 ./system/src/cortexm/exception_handlers.o
 .debug_line    0x00000000000022bd      0x3e9 ./system/src/cmsis/system_stm32f10x.o
 .debug_line    0x00000000000026a6      0x105 ./system/src/cmsis/vectors_stm32f10x.o
 .debug_line    0x00000000000027ab      0x730 ./src/main.o

.debug_frame    0x0000000000000000      0x834
 *(.debug_frame)
 .debug_frame   0x0000000000000000       0x38 ./system/src/newlib/_exit.o
 .debug_frame   0x0000000000000038       0x28 ./system/src/newlib/_sbrk.o
 .debug_frame   0x0000000000000060       0x7c ./system/src/newlib/_startup.o
 .debug_frame   0x00000000000000dc       0x50 ./system/src/newlib/_syscalls.o
 .debug_frame   0x000000000000012c       0x94 ./system/src/diag/Trace.o
 .debug_frame   0x00000000000001c0       0x64 ./system/src/diag/trace_impl.o
 .debug_frame   0x0000000000000224       0x40 ./system/src/cortexm/_initialize_hardware.o
 .debug_frame   0x0000000000000264      0x158 ./system/src/cortexm/exception_handlers.o
 .debug_frame   0x00000000000003bc       0x6c ./system/src/cmsis/system_stm32f10x.o
 .debug_frame   0x0000000000000428       0x20 ./system/src/cmsis/vectors_stm32f10x.o
 .debug_frame   0x0000000000000448       0xfc ./src/main.o
 .debug_frame   0x0000000000000544       0x20 /home/tanishq/Downloads/gcc-arm-none-eabi-6-2017-q1-update/bin/../lib/gcc/arm-none-eabi/6.3.1/../../../../arm-none-eabi/lib/thumb/v7-m/libg_nano.a(lib_a-errno.o)
 .debug_frame   0x0000000000000564       0x4c /home/tanishq/Downloads/gcc-arm-none-eabi-6-2017-q1-update/bin/../lib/gcc/arm-none-eabi/6.3.1/../../../../arm-none-eabi/lib/thumb/v7-m/libg_nano.a(lib_a-vsnprintf.o)
 .debug_frame   0x00000000000005b0       0x90 /home/tanishq/Downloads/gcc-arm-none-eabi-6-2017-q1-update/bin/../lib/gcc/arm-none-eabi/6.3.1/../../../../arm-none-eabi/lib/thumb/v7-m/libg_nano.a(lib_a-nano-svfprintf.o)
 .debug_frame   0x0000000000000640       0x60 /home/tanishq/Downloads/gcc-arm-none-eabi-6-2017-q1-update/bin/../lib/gcc/arm-none-eabi/6.3.1/../../../../arm-none-eabi/lib/thumb/v7-m/libg_nano.a(lib_a-nano-vfprintf_i.o)
 .debug_frame   0x00000000000006a0       0x28 /home/tanishq/Downloads/gcc-arm-none-eabi-6-2017-q1-update/bin/../lib/gcc/arm-none-eabi/6.3.1/../../../../arm-none-eabi/lib/thumb/v7-m/libg_nano.a(lib_a-memchr-stub.o)
 .debug_frame   0x00000000000006c8       0x28 /home/tanishq/Downloads/gcc-arm-none-eabi-6-2017-q1-update/bin/../lib/gcc/arm-none-eabi/6.3.1/../../../../arm-none-eabi/lib/thumb/v7-m/libg_nano.a(lib_a-memcpy-stub.o)
 .debug_frame   0x00000000000006f0       0x28 /home/tanishq/Downloads/gcc-arm-none-eabi-6-2017-q1-update/bin/../lib/gcc/arm-none-eabi/6.3.1/../../../../arm-none-eabi/lib/thumb/v7-m/libg_nano.a(lib_a-memmove.o)
 .debug_frame   0x0000000000000718       0x38 /home/tanishq/Downloads/gcc-arm-none-eabi-6-2017-q1-update/bin/../lib/gcc/arm-none-eabi/6.3.1/../../../../arm-none-eabi/lib/thumb/v7-m/libg_nano.a(lib_a-nano-freer.o)
 .debug_frame   0x0000000000000750       0x2c /home/tanishq/Downloads/gcc-arm-none-eabi-6-2017-q1-update/bin/../lib/gcc/arm-none-eabi/6.3.1/../../../../arm-none-eabi/lib/thumb/v7-m/libg_nano.a(lib_a-nano-mallocr.o)
 .debug_frame   0x000000000000077c       0x3c /home/tanishq/Downloads/gcc-arm-none-eabi-6-2017-q1-update/bin/../lib/gcc/arm-none-eabi/6.3.1/../../../../arm-none-eabi/lib/thumb/v7-m/libg_nano.a(lib_a-nano-reallocr.o)
 .debug_frame   0x00000000000007b8       0x2c /home/tanishq/Downloads/gcc-arm-none-eabi-6-2017-q1-update/bin/../lib/gcc/arm-none-eabi/6.3.1/../../../../arm-none-eabi/lib/thumb/v7-m/libg_nano.a(lib_a-sbrkr.o)
 .debug_frame   0x00000000000007e4       0x30 /home/tanishq/Downloads/gcc-arm-none-eabi-6-2017-q1-update/bin/../lib/gcc/arm-none-eabi/6.3.1/../../../../arm-none-eabi/lib/thumb/v7-m/libg_nano.a(lib_a-mlock.o)
 .debug_frame   0x0000000000000814       0x20 /home/tanishq/Downloads/gcc-arm-none-eabi-6-2017-q1-update/bin/../lib/gcc/arm-none-eabi/6.3.1/../../../../arm-none-eabi/lib/thumb/v7-m/libg_nano.a(lib_a-nano-msizer.o)

.debug_str      0x0000000000000000    0x552c2
 *(.debug_str)
 .debug_str     0x0000000000000000     0x731c ./system/src/newlib/_exit.o
                                       0x74ef (size before relaxing)
 .debug_str     0x000000000000731c      0x4f5 ./system/src/newlib/_sbrk.o
                                       0x68a1 (size before relaxing)
 .debug_str     0x0000000000007811      0xbbd ./system/src/newlib/_startup.o
                                       0x6063 (size before relaxing)
 .debug_str     0x00000000000083ce      0xe2c ./system/src/newlib/_syscalls.o
                                       0x771d (size before relaxing)
 .debug_str     0x00000000000091fa      0x890 ./system/src/diag/Trace.o
                                       0x7cd5 (size before relaxing)
 .debug_str     0x0000000000009a8a    0x4b2b9 ./system/src/diag/trace_impl.o
                                      0x520d4 (size before relaxing)
 .debug_str     0x0000000000054d43       0xc4 ./system/src/cortexm/_initialize_hardware.o
                                      0x4e0a7 (size before relaxing)
 .debug_str     0x0000000000054e07      0x1a6 ./system/src/cortexm/exception_handlers.o
                                      0x53269 (size before relaxing)
 .debug_str     0x0000000000054fad      0x114 ./system/src/cmsis/system_stm32f10x.o
                                      0x4e141 (size before relaxing)
 .debug_str     0x00000000000550c1       0x57 ./system/src/cmsis/vectors_stm32f10x.o
                                       0x30e6 (size before relaxing)
 .debug_str     0x0000000000055118      0x1aa ./src/main.o
                                      0x4e1a7 (size before relaxing)

.debug_loc      0x0000000000000000     0x1154
 *(.debug_loc)
 .debug_loc     0x0000000000000000       0x85 ./system/src/newlib/_sbrk.o
 .debug_loc     0x0000000000000085      0x19e ./system/src/newlib/_startup.o
 .debug_loc     0x0000000000000223       0x63 ./system/src/newlib/_syscalls.o
 .debug_loc     0x0000000000000286       0xf6 ./system/src/diag/Trace.o
 .debug_loc     0x000000000000037c      0x121 ./system/src/diag/trace_impl.o
 .debug_loc     0x000000000000049d      0x291 ./system/src/cortexm/exception_handlers.o
 .debug_loc     0x000000000000072e       0xdf ./system/src/cmsis/system_stm32f10x.o
 .debug_loc     0x000000000000080d      0x947 ./src/main.o

.debug_macinfo
 *(.debug_macinfo)

.debug_weaknames
 *(.debug_weaknames)

.debug_funcnames
 *(.debug_funcnames)

.debug_typenames
 *(.debug_typenames)

.debug_varnames
 *(.debug_varnames)
OUTPUT(Final_2.2.elf elf32-littlearm)

.debug_ranges   0x0000000000000000      0x260
 .debug_ranges  0x0000000000000000       0x18 ./system/src/newlib/_exit.o
 .debug_ranges  0x0000000000000018       0x10 ./system/src/newlib/_sbrk.o
 .debug_ranges  0x0000000000000028       0x78 ./system/src/newlib/_startup.o
 .debug_ranges  0x00000000000000a0       0x20 ./system/src/newlib/_syscalls.o
 .debug_ranges  0x00000000000000c0       0x28 ./system/src/diag/Trace.o
 .debug_ranges  0x00000000000000e8       0x38 ./system/src/diag/trace_impl.o
 .debug_ranges  0x0000000000000120       0x18 ./system/src/cortexm/_initialize_hardware.o
 .debug_ranges  0x0000000000000138       0x80 ./system/src/cortexm/exception_handlers.o
 .debug_ranges  0x00000000000001b8       0x28 ./system/src/cmsis/system_stm32f10x.o
 .debug_ranges  0x00000000000001e0       0x10 ./system/src/cmsis/vectors_stm32f10x.o
 .debug_ranges  0x00000000000001f0       0x70 ./src/main.o

.debug_macro    0x0000000000000000     0x26be
 .debug_macro   0x0000000000000000      0x1a7 ./system/src/newlib/_exit.o
 .debug_macro   0x00000000000001a7       0x9c ./system/src/newlib/_exit.o
 .debug_macro   0x0000000000000243      0x10e ./system/src/newlib/_exit.o
 .debug_macro   0x0000000000000351       0x8d ./system/src/newlib/_exit.o
 .debug_macro   0x00000000000003de       0x43 ./system/src/newlib/_exit.o
 .debug_macro   0x0000000000000421      0x30d ./system/src/newlib/_exit.o
 .debug_macro   0x000000000000072e       0x35 ./system/src/newlib/_exit.o
 .debug_macro   0x0000000000000763      0x15c ./system/src/newlib/_sbrk.o
 .debug_macro   0x00000000000008bf      0x174 ./system/src/newlib/_sbrk.o
 .debug_macro   0x0000000000000a33       0x10 ./system/src/newlib/_sbrk.o
 .debug_macro   0x0000000000000a43      0x23b ./system/src/newlib/_sbrk.o
 .debug_macro   0x0000000000000c7e      0x166 ./system/src/newlib/_startup.o
 .debug_macro   0x0000000000000de4      0x20a ./system/src/newlib/_syscalls.o
 .debug_macro   0x0000000000000fee       0x1c ./system/src/newlib/_syscalls.o
 .debug_macro   0x000000000000100a       0x10 ./system/src/newlib/_syscalls.o
 .debug_macro   0x000000000000101a       0x10 ./system/src/newlib/_syscalls.o
 .debug_macro   0x000000000000102a       0x10 ./system/src/newlib/_syscalls.o
 .debug_macro   0x000000000000103a       0x35 ./system/src/newlib/_syscalls.o
 .debug_macro   0x000000000000106f      0x122 ./system/src/newlib/_syscalls.o
 .debug_macro   0x0000000000001191       0x88 ./system/src/newlib/_syscalls.o
 .debug_macro   0x0000000000001219       0x2b ./system/src/newlib/_syscalls.o
 .debug_macro   0x0000000000001244      0x118 ./system/src/newlib/_syscalls.o
 .debug_macro   0x000000000000135c      0x159 ./system/src/newlib/_syscalls.o
 .debug_macro   0x00000000000014b5       0x16 ./system/src/newlib/_syscalls.o
 .debug_macro   0x00000000000014cb      0x1e4 ./system/src/diag/Trace.o
 .debug_macro   0x00000000000016af       0x16 ./system/src/diag/Trace.o
 .debug_macro   0x00000000000016c5       0x97 ./system/src/diag/Trace.o
 .debug_macro   0x000000000000175c       0xfd ./system/src/diag/Trace.o
 .debug_macro   0x0000000000001859       0x10 ./system/src/diag/Trace.o
 .debug_macro   0x0000000000001869       0x16 ./system/src/diag/Trace.o
 .debug_macro   0x000000000000187f      0x18b ./system/src/diag/Trace.o
 .debug_macro   0x0000000000001a0a       0x4c ./system/src/diag/Trace.o
 .debug_macro   0x0000000000001a56       0x16 ./system/src/diag/Trace.o
 .debug_macro   0x0000000000001a6c      0x2cd ./system/src/diag/trace_impl.o
 .debug_macro   0x0000000000001d39       0x10 ./system/src/diag/trace_impl.o
 .debug_macro   0x0000000000001d49       0xcf ./system/src/diag/trace_impl.o
 .debug_macro   0x0000000000001e18       0xbe ./system/src/diag/trace_impl.o
 .debug_macro   0x0000000000001ed6       0x22 ./system/src/diag/trace_impl.o
 .debug_macro   0x0000000000001ef8      0x16b ./system/src/cortexm/_initialize_hardware.o
 .debug_macro   0x0000000000002063      0x30d ./system/src/cortexm/exception_handlers.o
 .debug_macro   0x0000000000002370       0x3b ./system/src/cortexm/exception_handlers.o
 .debug_macro   0x00000000000023ab       0x10 ./system/src/cortexm/exception_handlers.o
 .debug_macro   0x00000000000023bb      0x16e ./system/src/cmsis/system_stm32f10x.o
 .debug_macro   0x0000000000002529       0x34 ./system/src/cmsis/vectors_stm32f10x.o
 .debug_macro   0x000000000000255d      0x161 ./src/main.o
