Archive member included to satisfy reference by file (symbol)

/home/tanishq/Downloads/gcc-arm-none-eabi-6-2017-q1-update/bin/../lib/gcc/arm-none-eabi/6.3.1/thumb/v7-m/libgcc.a(_arm_addsubsf3.o)
                              ./src/main.o (__aeabi_fadd)
/home/tanishq/Downloads/gcc-arm-none-eabi-6-2017-q1-update/bin/../lib/gcc/arm-none-eabi/6.3.1/thumb/v7-m/libgcc.a(_arm_cmpsf2.o)
                              ./src/main.o (__aeabi_fcmplt)
/home/tanishq/Downloads/gcc-arm-none-eabi-6-2017-q1-update/bin/../lib/gcc/arm-none-eabi/6.3.1/../../../../arm-none-eabi/lib/thumb/v7-m/libg_nano.a(lib_a-errno.o)
                              ./system/src/newlib/_sbrk.o (__errno)
/home/tanishq/Downloads/gcc-arm-none-eabi-6-2017-q1-update/bin/../lib/gcc/arm-none-eabi/6.3.1/../../../../arm-none-eabi/lib/thumb/v7-m/libg_nano.a(lib_a-impure.o)
                              /home/tanishq/Downloads/gcc-arm-none-eabi-6-2017-q1-update/bin/../lib/gcc/arm-none-eabi/6.3.1/../../../../arm-none-eabi/lib/thumb/v7-m/libg_nano.a(lib_a-errno.o) (_impure_ptr)

Allocating common symbols
Common symbol       size              file

errno               0x4               ./system/src/newlib/_syscalls.o

Discarded input sections

 .group         0x0000000000000000        0x8 ./system/src/stm32f1-stdperiph/misc.o
 .group         0x0000000000000000        0x8 ./system/src/stm32f1-stdperiph/misc.o
 .group         0x0000000000000000        0x8 ./system/src/stm32f1-stdperiph/misc.o
 .group         0x0000000000000000        0x8 ./system/src/stm32f1-stdperiph/misc.o
 .group         0x0000000000000000        0x8 ./system/src/stm32f1-stdperiph/misc.o
 .group         0x0000000000000000        0x8 ./system/src/stm32f1-stdperiph/misc.o
 .group         0x0000000000000000        0x8 ./system/src/stm32f1-stdperiph/misc.o
 .group         0x0000000000000000        0x8 ./system/src/stm32f1-stdperiph/misc.o
 .group         0x0000000000000000        0x8 ./system/src/stm32f1-stdperiph/misc.o
 .group         0x0000000000000000        0x8 ./system/src/stm32f1-stdperiph/misc.o
 .group         0x0000000000000000        0x8 ./system/src/stm32f1-stdperiph/misc.o
 .group         0x0000000000000000        0x8 ./system/src/stm32f1-stdperiph/misc.o
 .group         0x0000000000000000        0x8 ./system/src/stm32f1-stdperiph/misc.o
 .group         0x0000000000000000        0x8 ./system/src/stm32f1-stdperiph/misc.o
 .group         0x0000000000000000        0x8 ./system/src/stm32f1-stdperiph/misc.o
 .group         0x0000000000000000        0x8 ./system/src/stm32f1-stdperiph/misc.o
 .group         0x0000000000000000        0x8 ./system/src/stm32f1-stdperiph/misc.o
 .group         0x0000000000000000        0x8 ./system/src/stm32f1-stdperiph/misc.o
 .group         0x0000000000000000        0x8 ./system/src/stm32f1-stdperiph/misc.o
 .group         0x0000000000000000        0x8 ./system/src/stm32f1-stdperiph/misc.o
 .group         0x0000000000000000        0x8 ./system/src/stm32f1-stdperiph/misc.o
 .group         0x0000000000000000        0x8 ./system/src/stm32f1-stdperiph/misc.o
 .group         0x0000000000000000        0x8 ./system/src/stm32f1-stdperiph/misc.o
 .group         0x0000000000000000        0x8 ./system/src/stm32f1-stdperiph/misc.o
 .group         0x0000000000000000        0x8 ./system/src/stm32f1-stdperiph/misc.o
 .group         0x0000000000000000        0x8 ./system/src/stm32f1-stdperiph/misc.o
 .group         0x0000000000000000        0x8 ./system/src/stm32f1-stdperiph/misc.o
 .group         0x0000000000000000        0x8 ./system/src/stm32f1-stdperiph/misc.o
 .group         0x0000000000000000        0x8 ./system/src/stm32f1-stdperiph/misc.o
 .group         0x0000000000000000        0x8 ./system/src/stm32f1-stdperiph/misc.o
 .text          0x0000000000000000        0x0 ./system/src/stm32f1-stdperiph/misc.o
 .data          0x0000000000000000        0x0 ./system/src/stm32f1-stdperiph/misc.o
 .bss           0x0000000000000000        0x0 ./system/src/stm32f1-stdperiph/misc.o
 .text.NVIC_PriorityGroupConfig
                0x0000000000000000       0x40 ./system/src/stm32f1-stdperiph/misc.o
 .text.NVIC_Init
                0x0000000000000000       0x9c ./system/src/stm32f1-stdperiph/misc.o
 .text.NVIC_SetVectorTable
                0x0000000000000000       0x48 ./system/src/stm32f1-stdperiph/misc.o
 .text.NVIC_SystemLPConfig
                0x0000000000000000       0x48 ./system/src/stm32f1-stdperiph/misc.o
 .text.SysTick_CLKSourceConfig
                0x0000000000000000       0x3c ./system/src/stm32f1-stdperiph/misc.o
 .rodata.NVIC_PriorityGroupConfig.str1.4
                0x0000000000000000       0x27 ./system/src/stm32f1-stdperiph/misc.o
 .debug_info    0x0000000000000000      0x63a ./system/src/stm32f1-stdperiph/misc.o
 .debug_abbrev  0x0000000000000000      0x192 ./system/src/stm32f1-stdperiph/misc.o
 .debug_loc     0x0000000000000000      0x16a ./system/src/stm32f1-stdperiph/misc.o
 .debug_aranges
[...]
Memory Configuration

Name             Origin             Length             Attributes
RAM              0x0000000020000000 0x0000000000005000 xrw
CCMRAM           0x0000000000000000 0x0000000000000000 xrw
FLASH            0x0000000008000000 0x0000000000010000 xr
FLASHB1          0x0000000000000000 0x0000000000000000 xr
EXTMEMB0         0x0000000000000000 0x0000000000000000 xr
EXTMEMB1         0x0000000000000000 0x0000000000000000 xr
EXTMEMB2         0x0000000000000000 0x0000000000000000 xr
EXTMEMB3         0x0000000000000000 0x0000000000000000 xr
MEMORY_ARRAY     0x0000000000000000 0x0000000000000000 xrw
*default*        0x0000000000000000 0xffffffffffffffff

Linker script and memory map

LOAD ./system/src/stm32f1-stdperiph/misc.o
LOAD ./system/src/stm32f1-stdperiph/stm32f10x_gpio.o
LOAD ./system/src/stm32f1-stdperiph/stm32f10x_rcc.o
LOAD ./system/src/newlib/_cxx.o
LOAD ./system/src/newlib/_exit.o
LOAD ./system/src/newlib/_sbrk.o
LOAD ./system/src/newlib/_startup.o
LOAD ./system/src/newlib/_syscalls.o
LOAD ./system/src/newlib/assert.o
LOAD ./system/src/diag/Trace.o
LOAD ./system/src/diag/trace_impl.o
LOAD ./system/src/cortexm/_initialize_hardware.o
LOAD ./system/src/cortexm/_reset_hardware.o
LOAD ./system/src/cortexm/exception_handlers.o
LOAD ./system/src/cmsis/system_stm32f10x.o
LOAD ./system/src/cmsis/vectors_stm32f10x.o
LOAD ./src/_write.o
LOAD ./src/main.o
LOAD /home/tanishq/Downloads/gcc-arm-none-eabi-6-2017-q1-update/bin/../lib/gcc/arm-none-eabi/6.3.1/../../../../arm-none-eabi/lib/thumb/v7-m/libstdc++_nano.a
LOAD /home/tanishq/Downloads/gcc-arm-none-eabi-6-2017-q1-update/bin/../lib/gcc/arm-none-eabi/6.3.1/../../../../arm-none-eabi/lib/thumb/v7-m/libm.a
START GROUP
LOAD /home/tanishq/Downloads/gcc-arm-none-eabi-6-2017-q1-update/bin/../lib/gcc/arm-none-eabi/6.3.1/thumb/v7-m/libgcc.a
LOAD /home/tanishq/Downloads/gcc-arm-none-eabi-6-2017-q1-update/bin/../lib/gcc/arm-none-eabi/6.3.1/../../../../arm-none-eabi/lib/thumb/v7-m/libg_nano.a
LOAD /home/tanishq/Downloads/gcc-arm-none-eabi-6-2017-q1-update/bin/../lib/gcc/arm-none-eabi/6.3.1/../../../../arm-none-eabi/lib/thumb/v7-m/libc_nano.a
END GROUP
START GROUP
LOAD /home/tanishq/Downloads/gcc-arm-none-eabi-6-2017-q1-update/bin/../lib/gcc/arm-none-eabi/6.3.1/thumb/v7-m/libgcc.a
LOAD /home/tanishq/Downloads/gcc-arm-none-eabi-6-2017-q1-update/bin/../lib/gcc/arm-none-eabi/6.3.1/../../../../arm-none-eabi/lib/thumb/v7-m/libc_nano.a
END GROUP
                0x0000000020005000                __stack = (ORIGIN (RAM) + LENGTH (RAM))
                0x0000000020005000                _estack = __stack
                0x0000000000000400                __Main_Stack_Size = 0x400
                [!provide]                        PROVIDE (_Main_Stack_Size, __Main_Stack_Size)
                0x0000000020004c00                __Main_Stack_Limit = (__stack - __Main_Stack_Size)
                [!provide]                        PROVIDE (_Main_Stack_Limit, __Main_Stack_Limit)
                0x0000000000000100                _Minimum_Stack_Size = 0x100
                0x0000000020000034                PROVIDE (_Heap_Begin, _end_noinit)
                0x0000000020004c00                PROVIDE (_Heap_Limit, (__stack - __Main_Stack_Size))

.isr_vector     0x0000000008000000      0x294
 FILL mask 0xff
                0x0000000008000000                __vectors_start = ABSOLUTE (.)
                0x0000000008000000                __vectors_start__ = ABSOLUTE (.)
 *(.isr_vector)
 .isr_vector    0x0000000008000000      0x10c ./system/src/cmsis/vectors_stm32f10x.o
                0x0000000008000000                __isr_vectors
 *(.cfmconfig)
 *(.after_vectors .after_vectors.*)
 .after_vectors
                0x000000000800010c      0x114 ./system/src/newlib/_startup.o
                0x000000000800010c                _start
 .after_vectors
                0x0000000008000220       0x70 ./system/src/cortexm/exception_handlers.o
                0x0000000008000220                Reset_Handler
                0x0000000008000226                NMI_Handler
                0x000000000800022a                HardFault_Handler
                0x000000000800023e                HardFault_Handler_C
                0x0000000008000242                MemManage_Handler
                0x0000000008000246                BusFault_Handler
                0x000000000800025a                BusFault_Handler_C
                0x000000000800025e                UsageFault_Handler
                0x0000000008000272                UsageFault_Handler_C
                0x0000000008000276                SVC_Handler
                0x000000000800027a                DebugMon_Handler
                0x000000000800027e                PendSV_Handler
                0x0000000008000282                SysTick_Handler
 .after_vectors
                0x0000000008000290        0x4 ./system/src/cmsis/vectors_stm32f10x.o
                0x0000000008000290                EXTI2_IRQHandler
                0x0000000008000290                TIM8_TRG_COM_IRQHandler
                0x0000000008000290                TIM8_CC_IRQHandler
                0x0000000008000290                TIM1_CC_IRQHandler
                0x0000000008000290                TIM6_IRQHandler
                0x0000000008000290                PVD_IRQHandler
                0x0000000008000290                SDIO_IRQHandler
                0x0000000008000290                CAN2_RX1_IRQHandler
                0x0000000008000290                EXTI3_IRQHandler
                0x0000000008000290                TIM8_TRG_COM_TIM14_IRQHandler
                0x0000000008000290                TIM1_UP_TIM10_IRQHandler
                0x0000000008000290                TIM8_UP_TIM13_IRQHandler
                0x0000000008000290                EXTI0_IRQHandler
                0x0000000008000290                I2C2_EV_IRQHandler
                0x0000000008000290                CAN1_RX0_IRQHandler
                0x0000000008000290                TIM1_UP_TIM16_IRQHandler
                0x0000000008000290                CAN2_SCE_IRQHandler
                0x0000000008000290                ADC1_2_IRQHandler
                0x0000000008000290                SPI1_IRQHandler
                0x0000000008000290                TAMPER_IRQHandler
                0x0000000008000290                TIM6_DAC_IRQHandler
                0x0000000008000290                TIM1_BRK_TIM9_IRQHandler
                0x0000000008000290                CAN2_RX0_IRQHandler
                0x0000000008000290                TIM8_UP_IRQHandler
                0x0000000008000290                DMA2_Channel2_IRQHandler
                0x0000000008000290                DMA1_Channel4_IRQHandler
                0x0000000008000290                USART3_IRQHandler
                0x0000000008000290                RTC_IRQHandler
                0x0000000008000290                DMA1_Channel7_IRQHandler
                0x0000000008000290                CAN1_RX1_IRQHandler
                0x0000000008000290                UART5_IRQHandler
                0x0000000008000290                ADC3_IRQHandler
                0x0000000008000290                TIM4_IRQHandler
                0x0000000008000290                DMA2_Channel1_IRQHandler
                0x0000000008000290                I2C1_EV_IRQHandler
                0x0000000008000290                DMA1_Channel6_IRQHandler
                0x0000000008000290                UART4_IRQHandler
                0x0000000008000290                DMA2_Channel4_IRQHandler
                0x0000000008000290                TIM3_IRQHandler
                0x0000000008000290                RCC_IRQHandler
                0x0000000008000290                TIM8_BRK_TIM12_IRQHandler
                0x0000000008000290                TIM1_TRG_COM_IRQHandler
                0x0000000008000290                DMA1_Channel1_IRQHandler
                0x0000000008000290                Default_Handler
                0x0000000008000290                CEC_IRQHandler
                0x0000000008000290                EXTI15_10_IRQHandler
                0x0000000008000290                TIM14_IRQHandler
                0x0000000008000290                TIM13_IRQHandler
                0x0000000008000290                TIM12_IRQHandler
                0x0000000008000290                TIM7_IRQHandler
                0x0000000008000290                CAN2_TX_IRQHandler
                0x0000000008000290                TIM5_IRQHandler
                0x0000000008000290                EXTI9_5_IRQHandler
                0x0000000008000290                ETH_WKUP_IRQHandler
                0x0000000008000290                SPI2_IRQHandler
                0x0000000008000290                CAN1_TX_IRQHandler
                0x0000000008000290                DMA2_Channel5_IRQHandler
                0x0000000008000290                DMA1_Channel5_IRQHandler
                0x0000000008000290                EXTI4_IRQHandler
                0x0000000008000290                USB_LP_CAN1_RX0_IRQHandler
                0x0000000008000290                TIM1_TRG_COM_TIM17_IRQHandler
                0x0000000008000290                USB_HP_CAN1_TX_IRQHandler
                0x0000000008000290                DMA1_Channel3_IRQHandler
                0x0000000008000290                FSMC_IRQHandler
                0x0000000008000290                ETH_IRQHandler
                0x0000000008000290                TIM1_UP_IRQHandler
                0x0000000008000290                WWDG_IRQHandler
                0x0000000008000290                TIM2_IRQHandler
                0x0000000008000290                OTG_FS_WKUP_IRQHandler
                0x0000000008000290                TIM1_TRG_COM_TIM11_IRQHandler
                0x0000000008000290                TIM1_BRK_IRQHandler
                0x0000000008000290                EXTI1_IRQHandler
                0x0000000008000290                RTCAlarm_IRQHandler
                0x0000000008000290                DMA2_Channel4_5_IRQHandler
                0x0000000008000290                USART2_IRQHandler
                0x0000000008000290                I2C2_ER_IRQHandler
                0x0000000008000290                DMA1_Channel2_IRQHandler
                0x0000000008000290                TIM8_BRK_IRQHandler
                0x0000000008000290                CAN1_SCE_IRQHandler
                0x0000000008000290                FLASH_IRQHandler
                0x0000000008000290                USART1_IRQHandler
                0x0000000008000290                OTG_FS_IRQHandler
                0x0000000008000290                SPI3_IRQHandler
                0x0000000008000290                I2C1_ER_IRQHandler
                0x0000000008000290                USBWakeUp_IRQHandler
                0x0000000008000290                DMA2_Channel3_IRQHandler
                0x0000000008000290                TIM1_BRK_TIM15_IRQHandler

.inits          0x0000000008000294       0x28
                0x0000000008000294                __data_regions_array_start = .
                0x0000000008000294        0x4 LONG 0x800093c LOADADDR (.data)
                0x0000000008000298        0x4 LONG 0x20000000 ADDR (.data)
                0x000000000800029c        0x4 LONG 0x20000024 (ADDR (.data) + SIZEOF (.data))
                0x00000000080002a0        0x4 LONG 0x800093c LOADADDR (.data_CCMRAM)
                0x00000000080002a4        0x4 LONG 0x0 ADDR (.data_CCMRAM)
                0x00000000080002a8        0x4 LONG 0x0 (ADDR (.data_CCMRAM) + SIZEOF (.data_CCMRAM))
                0x00000000080002ac                __data_regions_array_end = .
                0x00000000080002ac                __bss_regions_array_start = .
                0x00000000080002ac        0x4 LONG 0x20000024 ADDR (.bss)
                0x00000000080002b0        0x4 LONG 0x20000034 (ADDR (.bss) + SIZEOF (.bss))
                0x00000000080002b4        0x4 LONG 0x0 ADDR (.bss_CCMRAM)
                0x00000000080002b8        0x4 LONG 0x0 (ADDR (.bss_CCMRAM) + SIZEOF (.bss_CCMRAM))
                0x00000000080002bc                __bss_regions_array_end = .
 *(.init)
 *(.fini)
                0x00000000080002bc                . = ALIGN (0x4)
                0x00000000080002bc                PROVIDE (__preinit_array_start, .)
 *(.preinit_array_sysinit .preinit_array_sysinit.*)
 *(.preinit_array_platform .preinit_array_platform.*)
 *(.preinit_array .preinit_array.*)
                0x00000000080002bc                PROVIDE (__preinit_array_end, .)
                0x00000000080002bc                . = ALIGN (0x4)
                0x00000000080002bc                PROVIDE (__init_array_start, .)
 *(SORT(.init_array.*))
 *(.init_array)
                0x00000000080002bc                PROVIDE (__init_array_end, .)
                0x00000000080002bc                . = ALIGN (0x4)
                0x00000000080002bc                PROVIDE (__fini_array_start, .)
 *(SORT(.fini_array.*))
 *(.fini_array)
                0x00000000080002bc                PROVIDE (__fini_array_end, .)

.flashtext
 *(.flashtext .flashtext.*)

.text           0x00000000080002bc      0x680
 *(.text .text.*)
 .text._exit    0x00000000080002bc        0x2 ./system/src/newlib/_exit.o
                0x00000000080002bc                _exit
 *fill*         0x00000000080002be        0x2 
 .text.__initialize_args
                0x00000000080002c0       0x10 ./system/src/newlib/_syscalls.o
                0x00000000080002c0                __initialize_args
 .text.__initialize_hardware_early
                0x00000000080002d0       0x18 ./system/src/cortexm/_initialize_hardware.o
                0x00000000080002d0                __initialize_hardware_early
 .text.__initialize_hardware
                0x00000000080002e8        0x8 ./system/src/cortexm/_initialize_hardware.o
                0x00000000080002e8                __initialize_hardware
 .text.SetSysClockTo72
                0x00000000080002f0       0xc4 ./system/src/cmsis/system_stm32f10x.o
 .text.SetSysClock
                0x00000000080003b4        0x8 ./system/src/cmsis/system_stm32f10x.o
 .text.SystemInit
                0x00000000080003bc       0x50 ./system/src/cmsis/system_stm32f10x.o
                0x00000000080003bc                SystemInit
 .text.SystemCoreClockUpdate
                0x000000000800040c       0x94 ./system/src/cmsis/system_stm32f10x.o
                0x000000000800040c                SystemCoreClockUpdate
 .text.Delay    0x00000000080004a0       0x28 ./src/main.o
                0x00000000080004a0                Delay
 .text.main     0x00000000080004c8      0x16c ./src/main.o
                0x00000000080004c8                main
 .text          0x0000000008000634      0x21c /home/tanishq/Downloads/gcc-arm-none-eabi-6-2017-q1-update/bin/../lib/gcc/arm-none-eabi/6.3.1/thumb/v7-m/libgcc.a(_arm_addsubsf3.o)
                0x0000000008000634                __aeabi_frsub
                0x000000000800063c                __subsf3
                0x000000000800063c                __aeabi_fsub
                0x0000000008000640                __aeabi_fadd
                0x0000000008000640                __addsf3
                0x00000000080007a0                __aeabi_ui2f
                0x00000000080007a0                __floatunsisf
                0x00000000080007a8                __aeabi_i2f
                0x00000000080007a8                __floatsisf
                0x00000000080007c4                __floatundisf
                0x00000000080007c4                __aeabi_ul2f
                0x00000000080007d4                __floatdisf
                0x00000000080007d4                __aeabi_l2f
 .text          0x0000000008000850       0xec /home/tanishq/Downloads/gcc-arm-none-eabi-6-2017-q1-update/bin/../lib/gcc/arm-none-eabi/6.3.1/thumb/v7-m/libgcc.a(_arm_cmpsf2.o)
                0x0000000008000850                __gtsf2
                0x0000000008000850                __gesf2
                0x0000000008000858                __lesf2
                0x0000000008000858                __ltsf2
                0x0000000008000860                __nesf2
                0x0000000008000860                __eqsf2
                0x0000000008000860                __cmpsf2
                0x00000000080008c0                __aeabi_cfrcmple
                0x00000000080008c8                __aeabi_cfcmple
                0x00000000080008c8                __aeabi_cfcmpeq
                0x00000000080008d8                __aeabi_fcmpeq
                0x00000000080008ec                __aeabi_fcmplt
                0x0000000008000900                __aeabi_fcmple
                0x0000000008000914                __aeabi_fcmpge
                0x0000000008000928                __aeabi_fcmpgt
 *(.rodata .rodata.* .constdata .constdata.*)
 *(vtable)
 *(.eh_frame*)
 *(.glue_7)
 .glue_7        0x000000000800093c        0x0 linker stubs
 *(.glue_7t)
 .glue_7t       0x000000000800093c        0x0 linker stubs

.vfp11_veneer   0x000000000800093c        0x0
 .vfp11_veneer  0x000000000800093c        0x0 linker stubs

.v4_bx          0x000000000800093c        0x0
 .v4_bx         0x000000000800093c        0x0 linker stubs

.iplt           0x000000000800093c        0x0
 .iplt          0x000000000800093c        0x0 ./system/src/stm32f1-stdperiph/misc.o

.rel.dyn        0x000000000800093c        0x0
 .rel.iplt      0x000000000800093c        0x0 ./system/src/stm32f1-stdperiph/misc.o

.ARM.extab
 *(.ARM.extab* .gnu.linkonce.armextab.*)
                0x000000000800093c                . = ALIGN (0x4)
                0x000000000800093c                __exidx_start = .

.ARM.exidx
 *(.ARM.exidx* .gnu.linkonce.armexidx.*)
                0x000000000800093c                __exidx_end = .
                0x000000000800093c                . = ALIGN (0x4)
                0x000000000800093c                _etext = .
                0x000000000800093c                __etext = .

.data_CCMRAM    0x0000000000000000        0x0 load address 0x000000000800093c
 FILL mask 0xff
 *(.data.CCMRAM .data.CCMRAM.*)
                0x0000000000000000                . = ALIGN (0x4)
                0x000000000800093c                _sidata = LOADADDR (.data)

.data           0x0000000020000000       0x24 load address 0x000000000800093c
 FILL mask 0xff
                0x0000000020000000                _sdata = .
                0x0000000020000000                __data_start__ = .
 *(.data_begin .data_begin.*)
 .data_begin    0x0000000020000000        0x4 ./system/src/newlib/_startup.o
 *(.data .data.*)
 .data.argv.4263
                0x0000000020000004        0x8 ./system/src/newlib/_syscalls.o
 .data.AHBPrescTable
                0x000000002000000c       0x10 ./system/src/cmsis/system_stm32f10x.o
                0x000000002000000c                AHBPrescTable
 .data.SystemCoreClock
                0x000000002000001c        0x4 ./system/src/cmsis/system_stm32f10x.o
                0x000000002000001c                SystemCoreClock
 *(.data_end .data_end.*)
 .data_end      0x0000000020000020        0x4 ./system/src/newlib/_startup.o
                0x0000000020000024                . = ALIGN (0x4)
                0x0000000020000024                _edata = .
                0x0000000020000024                __data_end__ = .

.igot.plt       0x0000000020000024        0x0 load address 0x0000000008000960
 .igot.plt      0x0000000020000024        0x0 ./system/src/stm32f1-stdperiph/misc.o

.bss_CCMRAM     0x0000000000000000        0x0
 *(.bss.CCMRAM .bss.CCMRAM.*)

.bss            0x0000000020000024       0x10
                0x0000000020000024                __bss_start__ = .
                0x0000000020000024                _sbss = .
 *(.bss_begin .bss_begin.*)
 .bss_begin     0x0000000020000024        0x4 ./system/src/newlib/_startup.o
 *(.bss .bss.*)
 .bss.name.4262
                0x0000000020000028        0x1 ./system/src/newlib/_syscalls.o
 *fill*         0x0000000020000029        0x3 
 .bss.a         0x000000002000002c        0x4 ./src/main.o
                0x000000002000002c                a
 *(COMMON)
 *(.bss_end .bss_end.*)
 .bss_end       0x0000000020000030        0x4 ./system/src/newlib/_startup.o
                0x0000000020000034                . = ALIGN (0x4)
                0x0000000020000034                __bss_end__ = .
                0x0000000020000034                _ebss = .

.noinit_CCMRAM
 *(.noinit.CCMRAM .noinit.CCMRAM.*)

.noinit         0x0000000020000034        0x0
                0x0000000020000034                _noinit = .
 *(.noinit .noinit.*)
                0x0000000020000034                . = ALIGN (0x4)
                0x0000000020000034                _end_noinit = .
                [!provide]                        PROVIDE (end, _end_noinit)
                [!provide]                        PROVIDE (_end, _end_noinit)
                [!provide]                        PROVIDE (__end, _end_noinit)
                [!provide]                        PROVIDE (__end__, _end_noinit)

._check_stack   0x0000000020000034      0x100
                0x0000000020000134                . = (. + _Minimum_Stack_Size)
 *fill*         0x0000000020000034      0x100 

.b1text
 *(.b1text)
 *(.b1rodata)
 *(.b1rodata.*)

.eb0text
 *(.eb0text)
 *(.eb0rodata)
 *(.eb0rodata.*)

.eb1text
 *(.eb1text)
 *(.eb1rodata)
 *(.eb1rodata.*)

.eb2text
 *(.eb2text)
 *(.eb2rodata)
 *(.eb2rodata.*)

.eb3text
 *(.eb3text)
 *(.eb3rodata)
 *(.eb3rodata.*)

.stab
 *(.stab)

.stabstr
 *(.stabstr)

.stab.excl
 *(.stab.excl)

.stab.exclstr
 *(.stab.exclstr)

.stab.index
 *(.stab.index)

.stab.indexstr
 *(.stab.indexstr)

.comment        0x0000000000000000       0x7f
 *(.comment)
 .comment       0x0000000000000000       0x7f ./system/src/newlib/_exit.o
                                         0x80 (size before relaxing)
 .comment       0x000000000000007f       0x80 ./system/src/newlib/_startup.o
 .comment       0x000000000000007f       0x80 ./system/src/newlib/_syscalls.o
 .comment       0x000000000000007f       0x80 ./system/src/cortexm/_initialize_hardware.o
 .comment       0x000000000000007f       0x80 ./system/src/cortexm/exception_handlers.o
 .comment       0x000000000000007f       0x80 ./system/src/cmsis/system_stm32f10x.o
 .comment       0x000000000000007f       0x80 ./system/src/cmsis/vectors_stm32f10x.o
 .comment       0x000000000000007f       0x80 ./src/main.o

.ARM.attributes
                0x0000000000000000       0x33
 .ARM.attributes
                0x0000000000000000       0x33 ./system/src/newlib/_exit.o
 .ARM.attributes
                0x0000000000000033       0x33 ./system/src/newlib/_startup.o
 .ARM.attributes
                0x0000000000000066       0x33 ./system/src/newlib/_syscalls.o
 .ARM.attributes
                0x0000000000000099       0x33 ./system/src/cortexm/_initialize_hardware.o
 .ARM.attributes
                0x00000000000000cc       0x33 ./system/src/cortexm/exception_handlers.o
 .ARM.attributes
                0x00000000000000ff       0x33 ./system/src/cmsis/system_stm32f10x.o
 .ARM.attributes
                0x0000000000000132       0x33 ./system/src/cmsis/vectors_stm32f10x.o
 .ARM.attributes
                0x0000000000000165       0x33 ./src/main.o
 .ARM.attributes
                0x0000000000000198       0x1d /home/tanishq/Downloads/gcc-arm-none-eabi-6-2017-q1-update/bin/../lib/gcc/arm-none-eabi/6.3.1/thumb/v7-m/libgcc.a(_arm_addsubsf3.o)
 .ARM.attributes
                0x00000000000001b5       0x1d /home/tanishq/Downloads/gcc-arm-none-eabi-6-2017-q1-update/bin/../lib/gcc/arm-none-eabi/6.3.1/thumb/v7-m/libgcc.a(_arm_cmpsf2.o)

.debug
 *(.debug)

.line
 *(.line)

.debug_srcinfo
 *(.debug_srcinfo)

.debug_sfnames
 *(.debug_sfnames)

.debug_aranges  0x0000000000000000      0x1d0
 *(.debug_aranges)
 .debug_aranges
                0x0000000000000000       0x28 ./system/src/newlib/_exit.o
 .debug_aranges
                0x0000000000000028       0x40 ./system/src/newlib/_startup.o
 .debug_aranges
                0x0000000000000068       0x30 ./system/src/newlib/_syscalls.o
 .debug_aranges
                0x0000000000000098       0x28 ./system/src/cortexm/_initialize_hardware.o
 .debug_aranges
                0x00000000000000c0       0x80 ./system/src/cortexm/exception_handlers.o
 .debug_aranges
                0x0000000000000140       0x38 ./system/src/cmsis/system_stm32f10x.o
 .debug_aranges
                0x0000000000000178       0x20 ./system/src/cmsis/vectors_stm32f10x.o
 .debug_aranges
                0x0000000000000198       0x38 ./src/main.o

.debug_pubnames
 *(.debug_pubnames)

.debug_info     0x0000000000000000     0x2f99
 *(.debug_info .gnu.linkonce.wi.*)
 .debug_info    0x0000000000000000      0x951 ./system/src/newlib/_exit.o
 .debug_info    0x0000000000000951      0x435 ./system/src/newlib/_startup.o
 .debug_info    0x0000000000000d86      0xa20 ./system/src/newlib/_syscalls.o
 .debug_info    0x00000000000017a6      0x2bc ./system/src/cortexm/_initialize_hardware.o
 .debug_info    0x0000000000001a62      0xaef ./system/src/cortexm/exception_handlers.o
 .debug_info    0x0000000000002551      0x49a ./system/src/cmsis/system_stm32f10x.o
 .debug_info    0x00000000000029eb       0xd1 ./system/src/cmsis/vectors_stm32f10x.o
 .debug_info    0x0000000000002abc      0x4dd ./src/main.o

.debug_abbrev   0x0000000000000000      0xc86
 *(.debug_abbrev)
 .debug_abbrev  0x0000000000000000      0x1f5 ./system/src/newlib/_exit.o
 .debug_abbrev  0x00000000000001f5      0x1b3 ./system/src/newlib/_startup.o
 .debug_abbrev  0x00000000000003a8      0x234 ./system/src/newlib/_syscalls.o
 .debug_abbrev  0x00000000000005dc       0xea ./system/src/cortexm/_initialize_hardware.o
 .debug_abbrev  0x00000000000006c6      0x23a ./system/src/cortexm/exception_handlers.o
 .debug_abbrev  0x0000000000000900      0x175 ./system/src/cmsis/system_stm32f10x.o
 .debug_abbrev  0x0000000000000a75       0x9d ./system/src/cmsis/vectors_stm32f10x.o
 .debug_abbrev  0x0000000000000b12      0x174 ./src/main.o

.debug_line     0x0000000000000000     0x1df3
 *(.debug_line)
 .debug_line    0x0000000000000000      0x357 ./system/src/newlib/_exit.o
 .debug_line    0x0000000000000357      0x3c6 ./system/src/newlib/_startup.o
 .debug_line    0x000000000000071d      0x426 ./system/src/newlib/_syscalls.o
 .debug_line    0x0000000000000b43      0x375 ./system/src/cortexm/_initialize_hardware.o
 .debug_line    0x0000000000000eb8      0x68e ./system/src/cortexm/exception_handlers.o
 .debug_line    0x0000000000001546      0x3e9 ./system/src/cmsis/system_stm32f10x.o
 .debug_line    0x000000000000192f      0x105 ./system/src/cmsis/vectors_stm32f10x.o
 .debug_line    0x0000000000001a34      0x3bf ./src/main.o

.debug_frame    0x0000000000000000      0x430
 *(.debug_frame)
 .debug_frame   0x0000000000000000       0x38 ./system/src/newlib/_exit.o
 .debug_frame   0x0000000000000038       0x7c ./system/src/newlib/_startup.o
 .debug_frame   0x00000000000000b4       0x50 ./system/src/newlib/_syscalls.o
 .debug_frame   0x0000000000000104       0x40 ./system/src/cortexm/_initialize_hardware.o
 .debug_frame   0x0000000000000144       0xe8 ./system/src/cortexm/exception_handlers.o
 .debug_frame   0x000000000000022c       0x6c ./system/src/cmsis/system_stm32f10x.o
 .debug_frame   0x0000000000000298       0x20 ./system/src/cmsis/vectors_stm32f10x.o
 .debug_frame   0x00000000000002b8       0x64 ./src/main.o
 .debug_frame   0x000000000000031c       0x4c /home/tanishq/Downloads/gcc-arm-none-eabi-6-2017-q1-update/bin/../lib/gcc/arm-none-eabi/6.3.1/thumb/v7-m/libgcc.a(_arm_addsubsf3.o)
 .debug_frame   0x0000000000000368       0xc8 /home/tanishq/Downloads/gcc-arm-none-eabi-6-2017-q1-update/bin/../lib/gcc/arm-none-eabi/6.3.1/thumb/v7-m/libgcc.a(_arm_cmpsf2.o)

.debug_str      0x0000000000000000    0x54629
 *(.debug_str)
 .debug_str     0x0000000000000000     0x7303 ./system/src/newlib/_exit.o
                                       0x74c7 (size before relaxing)
 .debug_str     0x0000000000007303      0xbbd ./system/src/newlib/_startup.o
                                       0x603b (size before relaxing)
 .debug_str     0x0000000000007ec0     0x12b2 ./system/src/newlib/_syscalls.o
                                       0x76f5 (size before relaxing)
 .debug_str     0x0000000000009172    0x4b01b ./system/src/cortexm/_initialize_hardware.o
                                      0x4e07f (size before relaxing)
 .debug_str     0x000000000005418d      0x1ce ./system/src/cortexm/exception_handlers.o
                                      0x52f22 (size before relaxing)
 .debug_str     0x000000000005435b      0x11d ./system/src/cmsis/system_stm32f10x.o
                                      0x4e119 (size before relaxing)
 .debug_str     0x0000000000054478       0x57 ./system/src/cmsis/vectors_stm32f10x.o
                                       0x30be (size before relaxing)
 .debug_str     0x00000000000544cf      0x15a ./src/main.o
                                      0x4e129 (size before relaxing)

.debug_loc      0x0000000000000000      0x35e
 *(.debug_loc)
 .debug_loc     0x0000000000000000      0x19e ./system/src/newlib/_startup.o
 .debug_loc     0x000000000000019e       0x63 ./system/src/newlib/_syscalls.o
 .debug_loc     0x0000000000000201       0xdf ./system/src/cmsis/system_stm32f10x.o
 .debug_loc     0x00000000000002e0       0x7e ./src/main.o

.debug_macinfo
 *(.debug_macinfo)

.debug_weaknames
 *(.debug_weaknames)

.debug_funcnames
 *(.debug_funcnames)

.debug_typenames
 *(.debug_typenames)

.debug_varnames
 *(.debug_varnames)
OUTPUT(Ultrasonic.elf elf32-littlearm)

.debug_ranges   0x0000000000000000      0x198
 .debug_ranges  0x0000000000000000       0x18 ./system/src/newlib/_exit.o
 .debug_ranges  0x0000000000000018       0x78 ./system/src/newlib/_startup.o
 .debug_ranges  0x0000000000000090       0x20 ./system/src/newlib/_syscalls.o
 .debug_ranges  0x00000000000000b0       0x18 ./system/src/cortexm/_initialize_hardware.o
 .debug_ranges  0x00000000000000c8       0x70 ./system/src/cortexm/exception_handlers.o
 .debug_ranges  0x0000000000000138       0x28 ./system/src/cmsis/system_stm32f10x.o
 .debug_ranges  0x0000000000000160       0x10 ./system/src/cmsis/vectors_stm32f10x.o
 .debug_ranges  0x0000000000000170       0x28 ./src/main.o

.debug_macro    0x0000000000000000     0x1935
 .debug_macro   0x0000000000000000      0x1a7 ./system/src/newlib/_exit.o
 .debug_macro   0x00000000000001a7       0x9c ./system/src/newlib/_exit.o
 .debug_macro   0x0000000000000243      0x10e ./system/src/newlib/_exit.o
 .debug_macro   0x0000000000000351       0x8d ./system/src/newlib/_exit.o
 .debug_macro   0x00000000000003de       0x43 ./system/src/newlib/_exit.o
 .debug_macro   0x0000000000000421      0x30d ./system/src/newlib/_exit.o
 .debug_macro   0x000000000000072e       0x35 ./system/src/newlib/_exit.o
 .debug_macro   0x0000000000000763      0x166 ./system/src/newlib/_startup.o
 .debug_macro   0x00000000000008c9      0x20a ./system/src/newlib/_syscalls.o
 .debug_macro   0x0000000000000ad3       0x1c ./system/src/newlib/_syscalls.o
 .debug_macro   0x0000000000000aef       0x10 ./system/src/newlib/_syscalls.o
 .debug_macro   0x0000000000000aff       0x10 ./system/src/newlib/_syscalls.o
 .debug_macro   0x0000000000000b0f       0x10 ./system/src/newlib/_syscalls.o
 .debug_macro   0x0000000000000b1f       0x35 ./system/src/newlib/_syscalls.o
 .debug_macro   0x0000000000000b54      0x122 ./system/src/newlib/_syscalls.o
 .debug_macro   0x0000000000000c76       0x88 ./system/src/newlib/_syscalls.o
 .debug_macro   0x0000000000000cfe       0x2b ./system/src/newlib/_syscalls.o
 .debug_macro   0x0000000000000d29      0x118 ./system/src/newlib/_syscalls.o
 .debug_macro   0x0000000000000e41      0x159 ./system/src/newlib/_syscalls.o
 .debug_macro   0x0000000000000f9a       0x16 ./system/src/newlib/_syscalls.o
 .debug_macro   0x0000000000000fb0      0x16b ./system/src/cortexm/_initialize_hardware.o
 .debug_macro   0x000000000000111b      0x30d ./system/src/cortexm/exception_handlers.o
 .debug_macro   0x0000000000001428       0x3b ./system/src/cortexm/exception_handlers.o
 .debug_macro   0x0000000000001463       0x22 ./system/src/cortexm/exception_handlers.o
 .debug_macro   0x0000000000001485       0x10 ./system/src/cortexm/exception_handlers.o
 .debug_macro   0x0000000000001495       0xcf ./system/src/cortexm/exception_handlers.o
 .debug_macro   0x0000000000001564       0xbe ./system/src/cortexm/exception_handlers.o
 .debug_macro   0x0000000000001622       0x10 ./system/src/cortexm/exception_handlers.o
 .debug_macro   0x0000000000001632      0x16e ./system/src/cmsis/system_stm32f10x.o
 .debug_macro   0x00000000000017a0       0x34 ./system/src/cmsis/vectors_stm32f10x.o
 .debug_macro   0x00000000000017d4      0x161 ./src/main.o
