Archive member included to satisfy reference by file (symbol)

/home/tanishq/Downloads/gcc-arm-none-eabi-6-2017-q1-update/bin/../lib/gcc/arm-none-eabi/6.3.1/../../../../arm-none-eabi/lib/thumb/v7-m/libg_nano.a(lib_a-errno.o)
                              ./system/src/newlib/_sbrk.o (__errno)
/home/tanishq/Downloads/gcc-arm-none-eabi-6-2017-q1-update/bin/../lib/gcc/arm-none-eabi/6.3.1/../../../../arm-none-eabi/lib/thumb/v7-m/libg_nano.a(lib_a-impure.o)
                              /home/tanishq/Downloads/gcc-arm-none-eabi-6-2017-q1-update/bin/../lib/gcc/arm-none-eabi/6.3.1/../../../../arm-none-eabi/lib/thumb/v7-m/libg_nano.a(lib_a-errno.o) (_impure_ptr)

Allocating common symbols
Common symbol       size              file

errno               0x4               ./system/src/newlib/_syscalls.o

Discarded input sections

 .text          0x0000000000000000        0x0 ./system/src/stm32f1-stdperiph/misc.o
 .data          0x0000000000000000        0x0 ./system/src/stm32f1-stdperiph/misc.o
 .bss           0x0000000000000000        0x0 ./system/src/stm32f1-stdperiph/misc.o
 .text.NVIC_PriorityGroupConfig
                0x0000000000000000       0x14 ./system/src/stm32f1-stdperiph/misc.o
 .text.NVIC_Init
                0x0000000000000000       0x5c ./system/src/stm32f1-stdperiph/misc.o
 .text.NVIC_SetVectorTable
                0x0000000000000000       0x14 ./system/src/stm32f1-stdperiph/misc.o
 .text.NVIC_SystemLPConfig
                0x0000000000000000       0x18 ./system/src/stm32f1-stdperiph/misc.o
 .text.SysTick_CLKSourceConfig
                0x0000000000000000       0x18 ./system/src/stm32f1-stdperiph/misc.o
 .debug_info    0x0000000000000000      0x530 ./system/src/stm32f1-stdperiph/misc.o
 .debug_abbrev  0x0000000000000000      0x181 ./system/src/stm32f1-stdperiph/misc.o
 .debug_loc     0x0000000000000000      0x16c ./system/src/stm32f1-stdperiph/misc.o
 .debug_aranges
                0x0000000000000000       0x40 ./system/src/stm32f1-stdperiph/misc.o
 .debug_ranges  0x0000000000000000       0x30 ./system/src/stm32f1-stdperiph/misc.o
 .debug_line    0x0000000000000000      0x1a3 ./system/src/stm32f1-stdperiph/misc.o
 .debug_str     0x0000000000000000      0x420 ./system/src/stm32f1-stdperiph/misc.o
 .comment       0x0000000000000000       0x80 ./system/src/stm32f1-stdperiph/misc.o
 .debug_frame   0x0000000000000000       0x68 ./system/src/stm32f1-stdperiph/misc.o
 .ARM.attributes
                0x0000000000000000       0x33 ./system/src/stm32f1-stdperiph/misc.o
 .text          0x0000000000000000        0x0 ./system/src/stm32f1-stdperiph/stm32f10x_gpio.o
 .data          0x0000000000000000        0x0 ./system/src/stm32f1-stdperiph/stm32f10x_gpio.o
 .bss           0x0000000000000000        0x0 ./system/src/stm32f1-stdperiph/stm32f10x_gpio.o
 .text.GPIO_DeInit
                0x0000000000000000       0xb8 ./system/src/stm32f1-stdperiph/stm32f10x_gpio.o
 .text.GPIO_AFIODeInit
                0x0000000000000000       0x16 ./system/src/stm32f1-stdperiph/stm32f10x_gpio.o
 .text.GPIO_Init
                0x0000000000000000       0xa4 ./system/src/stm32f1-stdperiph/stm32f10x_gpio.o
 .text.GPIO_StructInit
                0x0000000000000000       0x10 ./system/src/stm32f1-stdperiph/stm32f10x_gpio.o
 .text.GPIO_ReadInputDataBit
                0x0000000000000000        0xc ./system/src/stm32f1-stdperiph/stm32f10x_gpio.o
 .text.GPIO_ReadInputData
                0x0000000000000000        0x6 ./system/src/stm32f1-stdperiph/stm32f10x_gpio.o
 .text.GPIO_ReadOutputDataBit
                0x0000000000000000        0xc ./system/src/stm32f1-stdperiph/stm32f10x_gpio.o
 .text.GPIO_ReadOutputData
                0x0000000000000000        0x6 ./system/src/stm32f1-stdperiph/stm32f10x_gpio.o
 .text.GPIO_SetBits
                0x0000000000000000        0x4 ./system/src/stm32f1-stdperiph/stm32f10x_gpio.o
 .text.GPIO_ResetBits
                0x0000000000000000        0x4 ./system/src/stm32f1-stdperiph/stm32f10x_gpio.o
 .text.GPIO_WriteBit
                0x0000000000000000        0xa ./system/src/stm32f1-stdperiph/stm32f10x_gpio.o
 .text.GPIO_Write
                0x0000000000000000        0x4 ./system/src/stm32f1-stdperiph/stm32f10x_gpio.o
 .text.GPIO_PinLockConfig
                0x0000000000000000       0x10 ./system/src/stm32f1-stdperiph/stm32f10x_gpio.o
 .text.GPIO_EventOutputConfig
                0x0000000000000000       0x1c ./system/src/stm32f1-stdperiph/stm32f10x_gpio.o
 .text.GPIO_EventOutputCmd
                0x0000000000000000        0xc ./system/src/stm32f1-stdperiph/stm32f10x_gpio.o
 .text.GPIO_PinRemapConfig
                0x0000000000000000       0x60 ./system/src/stm32f1-stdperiph/stm32f10x_gpio.o
 .text.GPIO_EXTILineConfig
                0x0000000000000000       0x2a ./system/src/stm32f1-stdperiph/stm32f10x_gpio.o
 .text.GPIO_ETH_MediaInterfaceConfig
                0x0000000000000000        0xc ./system/src/stm32f1-stdperiph/stm32f10x_gpio.o
 .debug_info    0x0000000000000000      0x7cc ./system/src/stm32f1-stdperiph/stm32f10x_gpio.o
 .debug_abbrev  0x0000000000000000      0x21c ./system/src/stm32f1-stdperiph/stm32f10x_gpio.o
 .debug_loc     0x0000000000000000      0x520 ./system/src/stm32f1-stdperiph/stm32f10x_gpio.o
 .debug_aranges
                0x0000000000000000       0xa8 ./system/src/stm32f1-stdperiph/stm32f10x_gpio.o
 .debug_ranges  0x0000000000000000       0x98 ./system/src/stm32f1-stdperiph/stm32f10x_gpio.o
 .debug_line    0x0000000000000000      0x32a ./system/src/stm32f1-stdperiph/stm32f10x_gpio.o
 .debug_str     0x0000000000000000      0x587 ./system/src/stm32f1-stdperiph/stm32f10x_gpio.o
 .comment       0x0000000000000000       0x80 ./system/src/stm32f1-stdperiph/stm32f10x_gpio.o
 .debug_frame   0x0000000000000000      0x170 ./system/src/stm32f1-stdperiph/stm32f10x_gpio.o
 .ARM.attributes
                0x0000000000000000       0x33 ./system/src/stm32f1-stdperiph/stm32f10x_gpio.o
 .text          0x0000000000000000        0x0 ./system/src/stm32f1-stdperiph/stm32f10x_rcc.o
 .data          0x0000000000000000        0x0 ./system/src/stm32f1-stdperiph/stm32f10x_rcc.o
 .bss           0x0000000000000000        0x0 ./system/src/stm32f1-stdperiph/stm32f10x_rcc.o
 .text.RCC_DeInit
                0x0000000000000000       0x40 ./system/src/stm32f1-stdperiph/stm32f10x_rcc.o
 .text.RCC_HSEConfig
                0x0000000000000000       0x38 ./system/src/stm32f1-stdperiph/stm32f10x_rcc.o
 .text.RCC_AdjustHSICalibrationValue
                0x0000000000000000       0x14 ./system/src/stm32f1-stdperiph/stm32f10x_rcc.o
 .text.RCC_HSICmd
                0x0000000000000000        0xc ./system/src/stm32f1-stdperiph/stm32f10x_rcc.o
 .text.RCC_PLLConfig
                0x0000000000000000       0x14 ./system/src/stm32f1-stdperiph/stm32f10x_rcc.o
 .text.RCC_PLLCmd
                0x0000000000000000        0xc ./system/src/stm32f1-stdperiph/stm32f10x_rcc.o
 .text.RCC_SYSCLKConfig
                0x0000000000000000       0x14 ./system/src/stm32f1-stdperiph/stm32f10x_rcc.o
 .text.RCC_GetSYSCLKSource
                0x0000000000000000       0x10 ./system/src/stm32f1-stdperiph/stm32f10x_rcc.o
 .text.RCC_HCLKConfig
                0x0000000000000000       0x14 ./system/src/stm32f1-stdperiph/stm32f10x_rcc.o
 .text.RCC_PCLK1Config
                0x0000000000000000       0x14 ./system/src/stm32f1-stdperiph/stm32f10x_rcc.o
 .text.RCC_PCLK2Config
                0x0000000000000000       0x14 ./system/src/stm32f1-stdperiph/stm32f10x_rcc.o
 .text.RCC_ITConfig
                0x0000000000000000       0x18 ./system/src/stm32f1-stdperiph/stm32f10x_rcc.o
 .text.RCC_USBCLKConfig
                0x0000000000000000        0xc ./system/src/stm32f1-stdperiph/stm32f10x_rcc.o
 .text.RCC_ADCCLKConfig
                0x0000000000000000       0x14 ./system/src/stm32f1-stdperiph/stm32f10x_rcc.o
 .text.RCC_LSEConfig
                0x0000000000000000       0x20 ./system/src/stm32f1-stdperiph/stm32f10x_rcc.o
 .text.RCC_LSICmd
                0x0000000000000000        0xc ./system/src/stm32f1-stdperiph/stm32f10x_rcc.o
 .text.RCC_RTCCLKConfig
                0x0000000000000000       0x10 ./system/src/stm32f1-stdperiph/stm32f10x_rcc.o
 .text.RCC_RTCCLKCmd
                0x0000000000000000        0xc ./system/src/stm32f1-stdperiph/stm32f10x_rcc.o
 .text.RCC_GetClocksFreq
                0x0000000000000000       0x88 ./system/src/stm32f1-stdperiph/stm32f10x_rcc.o
 .text.RCC_AHBPeriphClockCmd
                0x0000000000000000       0x18 ./system/src/stm32f1-stdperiph/stm32f10x_rcc.o
 .text.RCC_APB2PeriphClockCmd
                0x0000000000000000       0x18 ./system/src/stm32f1-stdperiph/stm32f10x_rcc.o
 .text.RCC_APB1PeriphClockCmd
                0x0000000000000000       0x18 ./system/src/stm32f1-stdperiph/stm32f10x_rcc.o
 .text.RCC_APB2PeriphResetCmd
                0x0000000000000000       0x18 ./system/src/stm32f1-stdperiph/stm32f10x_rcc.o
 .text.RCC_APB1PeriphResetCmd
                0x0000000000000000       0x18 ./system/src/stm32f1-stdperiph/stm32f10x_rcc.o
 .text.RCC_BackupResetCmd
                0x0000000000000000        0xc ./system/src/stm32f1-stdperiph/stm32f10x_rcc.o
 .text.RCC_ClockSecuritySystemCmd
                0x0000000000000000        0xc ./system/src/stm32f1-stdperiph/stm32f10x_rcc.o
 .text.RCC_MCOConfig
                0x0000000000000000        0xc ./system/src/stm32f1-stdperiph/stm32f10x_rcc.o
 .text.RCC_GetFlagStatus
                0x0000000000000000       0x28 ./system/src/stm32f1-stdperiph/stm32f10x_rcc.o
 .text.RCC_WaitForHSEStartUp
                0x0000000000000000       0x30 ./system/src/stm32f1-stdperiph/stm32f10x_rcc.o
 .text.RCC_ClearFlag
                0x0000000000000000       0x10 ./system/src/stm32f1-stdperiph/stm32f10x_rcc.o
 .text.RCC_GetITStatus
                0x0000000000000000       0x14 ./system/src/stm32f1-stdperiph/stm32f10x_rcc.o
 .text.RCC_ClearITPendingBit
                0x0000000000000000        0xc ./system/src/stm32f1-stdperiph/stm32f10x_rcc.o
 .data.ADCPrescTable
                0x0000000000000000        0x4 ./system/src/stm32f1-stdperiph/stm32f10x_rcc.o
 .data.APBAHBPrescTable
                0x0000000000000000       0x10 ./system/src/stm32f1-stdperiph/stm32f10x_rcc.o
 .debug_info    0x0000000000000000      0x8b8 ./system/src/stm32f1-stdperiph/stm32f10x_rcc.o
 .debug_abbrev  0x0000000000000000      0x1f5 ./system/src/stm32f1-stdperiph/stm32f10x_rcc.o
 .debug_loc     0x0000000000000000      0x6b8 ./system/src/stm32f1-stdperiph/stm32f10x_rcc.o
 .debug_aranges
                0x0000000000000000      0x118 ./system/src/stm32f1-stdperiph/stm32f10x_rcc.o
 .debug_ranges  0x0000000000000000      0x108 ./system/src/stm32f1-stdperiph/stm32f10x_rcc.o
 .debug_line    0x0000000000000000      0x3fc ./system/src/stm32f1-stdperiph/stm32f10x_rcc.o
 .debug_str     0x0000000000000000      0x671 ./system/src/stm32f1-stdperiph/stm32f10x_rcc.o
 .comment       0x0000000000000000       0x80 ./system/src/stm32f1-stdperiph/stm32f10x_rcc.o
 .debug_frame   0x0000000000000000      0x220 ./system/src/stm32f1-stdperiph/stm32f10x_rcc.o
 .ARM.attributes
                0x0000000000000000       0x33 ./system/src/stm32f1-stdperiph/stm32f10x_rcc.o
 .text          0x0000000000000000        0x0 ./system/src/newlib/_cxx.o
 .data          0x0000000000000000        0x0 ./system/src/newlib/_cxx.o
 .bss           0x0000000000000000        0x0 ./system/src/newlib/_cxx.o
 .text._ZN9__gnu_cxx27__verbose_terminate_handlerEv
                0x0000000000000000        0x6 ./system/src/newlib/_cxx.o
 .text.__cxa_pure_virtual
                0x0000000000000000        0x6 ./system/src/newlib/_cxx.o
 .debug_info    0x0000000000000000      0xf9b ./system/src/newlib/_cxx.o
 .debug_abbrev  0x0000000000000000      0x2fe ./system/src/newlib/_cxx.o
 .debug_aranges
                0x0000000000000000       0x20 ./system/src/newlib/_cxx.o
 .debug_ranges  0x0000000000000000       0x10 ./system/src/newlib/_cxx.o
 .debug_line    0x0000000000000000      0x2b8 ./system/src/newlib/_cxx.o
 .debug_str     0x0000000000000000      0x812 ./system/src/newlib/_cxx.o
 .comment       0x0000000000000000       0x80 ./system/src/newlib/_cxx.o
 .debug_frame   0x0000000000000000       0x40 ./system/src/newlib/_cxx.o
 .ARM.attributes
                0x0000000000000000       0x33 ./system/src/newlib/_cxx.o
 .text          0x0000000000000000        0x0 ./system/src/newlib/_exit.o
 .data          0x0000000000000000        0x0 ./system/src/newlib/_exit.o
 .bss           0x0000000000000000        0x0 ./system/src/newlib/_exit.o
 .text.abort    0x0000000000000000        0x8 ./system/src/newlib/_exit.o
 .text          0x0000000000000000        0x0 ./system/src/newlib/_sbrk.o
 .data          0x0000000000000000        0x0 ./system/src/newlib/_sbrk.o
 .bss           0x0000000000000000        0x0 ./system/src/newlib/_sbrk.o
 .text._sbrk    0x0000000000000000       0x3c ./system/src/newlib/_sbrk.o
 .bss.current_heap_end.3947
                0x0000000000000000        0x4 ./system/src/newlib/_sbrk.o
 .debug_info    0x0000000000000000      0x945 ./system/src/newlib/_sbrk.o
 .debug_abbrev  0x0000000000000000      0x1f9 ./system/src/newlib/_sbrk.o
 .debug_loc     0x0000000000000000       0x6a ./system/src/newlib/_sbrk.o
 .debug_aranges
                0x0000000000000000       0x20 ./system/src/newlib/_sbrk.o
 .debug_ranges  0x0000000000000000       0x10 ./system/src/newlib/_sbrk.o
 .debug_line    0x0000000000000000      0x156 ./system/src/newlib/_sbrk.o
 .debug_str     0x0000000000000000      0x5fe ./system/src/newlib/_sbrk.o
 .comment       0x0000000000000000       0x80 ./system/src/newlib/_sbrk.o
 .debug_frame   0x0000000000000000       0x28 ./system/src/newlib/_sbrk.o
 .ARM.attributes
                0x0000000000000000       0x33 ./system/src/newlib/_sbrk.o
 .text          0x0000000000000000        0x0 ./system/src/newlib/_startup.o
 .data          0x0000000000000000        0x0 ./system/src/newlib/_startup.o
 .bss           0x0000000000000000        0x0 ./system/src/newlib/_startup.o
 .text.__initialize_data
                0x0000000000000000       0x10 ./system/src/newlib/_startup.o
 .text.__initialize_bss
                0x0000000000000000        0xe ./system/src/newlib/_startup.o
 .text.__run_init_array
                0x0000000000000000       0x44 ./system/src/newlib/_startup.o
 .text.__run_fini_array
                0x0000000000000000       0x24 ./system/src/newlib/_startup.o
 .text          0x0000000000000000        0x0 ./system/src/newlib/_syscalls.o
 .data          0x0000000000000000        0x0 ./system/src/newlib/_syscalls.o
 .bss           0x0000000000000000        0x0 ./system/src/newlib/_syscalls.o
 .text.raise    0x0000000000000000       0x10 ./system/src/newlib/_syscalls.o
 .text.kill     0x0000000000000000       0x10 ./system/src/newlib/_syscalls.o
 .bss.__dso_handle
                0x0000000000000000        0x4 ./system/src/newlib/_syscalls.o
 COMMON         0x0000000000000000        0x4 ./system/src/newlib/_syscalls.o
 .text          0x0000000000000000        0x0 ./system/src/newlib/assert.o
 .data          0x0000000000000000        0x0 ./system/src/newlib/assert.o
 .bss           0x0000000000000000        0x0 ./system/src/newlib/assert.o
 .text.__assert_func
                0x0000000000000000        0x6 ./system/src/newlib/assert.o
 .debug_info    0x0000000000000000      0x972 ./system/src/newlib/assert.o
 .debug_abbrev  0x0000000000000000      0x1fe ./system/src/newlib/assert.o
 .debug_loc     0x0000000000000000       0x84 ./system/src/newlib/assert.o
 .debug_aranges
                0x0000000000000000       0x20 ./system/src/newlib/assert.o
 .debug_ranges  0x0000000000000000       0x10 ./system/src/newlib/assert.o
 .debug_line    0x0000000000000000      0x1c6 ./system/src/newlib/assert.o
 .debug_str     0x0000000000000000      0x607 ./system/src/newlib/assert.o
 .comment       0x0000000000000000       0x80 ./system/src/newlib/assert.o
 .debug_frame   0x0000000000000000       0x28 ./system/src/newlib/assert.o
 .ARM.attributes
                0x0000000000000000       0x33 ./system/src/newlib/assert.o
 .text          0x0000000000000000        0x0 ./system/src/diag/Trace.o
 .data          0x0000000000000000        0x0 ./system/src/diag/Trace.o
 .bss           0x0000000000000000        0x0 ./system/src/diag/Trace.o
 .debug_line    0x0000000000000000        0x0 ./system/src/diag/Trace.o
 .debug_str     0x0000000000000000      0x111 ./system/src/diag/Trace.o
 .comment       0x0000000000000000       0x80 ./system/src/diag/Trace.o
 .ARM.attributes
                0x0000000000000000       0x33 ./system/src/diag/Trace.o
 .text          0x0000000000000000        0x0 ./system/src/diag/trace_impl.o
 .data          0x0000000000000000        0x0 ./system/src/diag/trace_impl.o
 .bss           0x0000000000000000        0x0 ./system/src/diag/trace_impl.o
 .debug_line    0x0000000000000000        0x0 ./system/src/diag/trace_impl.o
 .debug_str     0x0000000000000000      0x116 ./system/src/diag/trace_impl.o
 .comment       0x0000000000000000       0x80 ./system/src/diag/trace_impl.o
 .ARM.attributes
                0x0000000000000000       0x33 ./system/src/diag/trace_impl.o
 .text          0x0000000000000000        0x0 ./system/src/cortexm/_initialize_hardware.o
 .data          0x0000000000000000        0x0 ./system/src/cortexm/_initialize_hardware.o
 .bss           0x0000000000000000        0x0 ./system/src/cortexm/_initialize_hardware.o
 .text          0x0000000000000000        0x0 ./system/src/cortexm/_reset_hardware.o
 .data          0x0000000000000000        0x0 ./system/src/cortexm/_reset_hardware.o
 .bss           0x0000000000000000        0x0 ./system/src/cortexm/_reset_hardware.o
 .text          0x0000000000000000        0x0 ./system/src/cortexm/exception_handlers.o
 .data          0x0000000000000000        0x0 ./system/src/cortexm/exception_handlers.o
 .bss           0x0000000000000000        0x0 ./system/src/cortexm/exception_handlers.o
 .text          0x0000000000000000        0x0 ./system/src/cmsis/system_stm32f10x.o
 .data          0x0000000000000000        0x0 ./system/src/cmsis/system_stm32f10x.o
 .bss           0x0000000000000000        0x0 ./system/src/cmsis/system_stm32f10x.o
 .text          0x0000000000000000        0x0 ./system/src/cmsis/vectors_stm32f10x.o
 .data          0x0000000000000000        0x0 ./system/src/cmsis/vectors_stm32f10x.o
 .bss           0x0000000000000000        0x0 ./system/src/cmsis/vectors_stm32f10x.o
 .text          0x0000000000000000        0x0 ./src/_write.o
 .data          0x0000000000000000        0x0 ./src/_write.o
 .bss           0x0000000000000000        0x0 ./src/_write.o
 .debug_line    0x0000000000000000        0x0 ./src/_write.o
 .debug_str     0x0000000000000000      0x106 ./src/_write.o
 .comment       0x0000000000000000       0x80 ./src/_write.o
 .ARM.attributes
                0x0000000000000000       0x33 ./src/_write.o
 .text          0x0000000000000000        0x0 ./src/main.o
 .data          0x0000000000000000        0x0 ./src/main.o
 .bss           0x0000000000000000        0x0 ./src/main.o
 .text.map      0x0000000000000000       0x18 ./src/main.o
 .text.us_delay
                0x0000000000000000        0xc ./src/main.o
 .bss.flag1     0x0000000000000000        0x4 ./src/main.o
 .bss.flag2     0x0000000000000000        0x4 ./src/main.o
 .text          0x0000000000000000        0x0 /home/tanishq/Downloads/gcc-arm-none-eabi-6-2017-q1-update/bin/../lib/gcc/arm-none-eabi/6.3.1/../../../../arm-none-eabi/lib/thumb/v7-m/libg_nano.a(lib_a-errno.o)
 .data          0x0000000000000000        0x0 /home/tanishq/Downloads/gcc-arm-none-eabi-6-2017-q1-update/bin/../lib/gcc/arm-none-eabi/6.3.1/../../../../arm-none-eabi/lib/thumb/v7-m/libg_nano.a(lib_a-errno.o)
 .bss           0x0000000000000000        0x0 /home/tanishq/Downloads/gcc-arm-none-eabi-6-2017-q1-update/bin/../lib/gcc/arm-none-eabi/6.3.1/../../../../arm-none-eabi/lib/thumb/v7-m/libg_nano.a(lib_a-errno.o)
 .text.__errno  0x0000000000000000        0xc /home/tanishq/Downloads/gcc-arm-none-eabi-6-2017-q1-update/bin/../lib/gcc/arm-none-eabi/6.3.1/../../../../arm-none-eabi/lib/thumb/v7-m/libg_nano.a(lib_a-errno.o)
 .debug_frame   0x0000000000000000       0x20 /home/tanishq/Downloads/gcc-arm-none-eabi-6-2017-q1-update/bin/../lib/gcc/arm-none-eabi/6.3.1/../../../../arm-none-eabi/lib/thumb/v7-m/libg_nano.a(lib_a-errno.o)
 .ARM.attributes
                0x0000000000000000       0x2d /home/tanishq/Downloads/gcc-arm-none-eabi-6-2017-q1-update/bin/../lib/gcc/arm-none-eabi/6.3.1/../../../../arm-none-eabi/lib/thumb/v7-m/libg_nano.a(lib_a-errno.o)
 .text          0x0000000000000000        0x0 /home/tanishq/Downloads/gcc-arm-none-eabi-6-2017-q1-update/bin/../lib/gcc/arm-none-eabi/6.3.1/../../../../arm-none-eabi/lib/thumb/v7-m/libg_nano.a(lib_a-impure.o)
 .data          0x0000000000000000        0x0 /home/tanishq/Downloads/gcc-arm-none-eabi-6-2017-q1-update/bin/../lib/gcc/arm-none-eabi/6.3.1/../../../../arm-none-eabi/lib/thumb/v7-m/libg_nano.a(lib_a-impure.o)
 .bss           0x0000000000000000        0x0 /home/tanishq/Downloads/gcc-arm-none-eabi-6-2017-q1-update/bin/../lib/gcc/arm-none-eabi/6.3.1/../../../../arm-none-eabi/lib/thumb/v7-m/libg_nano.a(lib_a-impure.o)
 .data._impure_ptr
                0x0000000000000000        0x4 /home/tanishq/Downloads/gcc-arm-none-eabi-6-2017-q1-update/bin/../lib/gcc/arm-none-eabi/6.3.1/../../../../arm-none-eabi/lib/thumb/v7-m/libg_nano.a(lib_a-impure.o)
 .data.impure_data
                0x0000000000000000       0x60 /home/tanishq/Downloads/gcc-arm-none-eabi-6-2017-q1-update/bin/../lib/gcc/arm-none-eabi/6.3.1/../../../../arm-none-eabi/lib/thumb/v7-m/libg_nano.a(lib_a-impure.o)
 .rodata._global_impure_ptr
                0x0000000000000000        0x4 /home/tanishq/Downloads/gcc-arm-none-eabi-6-2017-q1-update/bin/../lib/gcc/arm-none-eabi/6.3.1/../../../../arm-none-eabi/lib/thumb/v7-m/libg_nano.a(lib_a-impure.o)
 .ARM.attributes
                0x0000000000000000       0x2d /home/tanishq/Downloads/gcc-arm-none-eabi-6-2017-q1-update/bin/../lib/gcc/arm-none-eabi/6.3.1/../../../../arm-none-eabi/lib/thumb/v7-m/libg_nano.a(lib_a-impure.o)

Memory Configuration

Name             Origin             Length             Attributes
RAM              0x0000000020000000 0x0000000000005000 xrw
CCMRAM           0x0000000000000000 0x0000000000000000 xrw
FLASH            0x0000000008000000 0x0000000000010000 xr
FLASHB1          0x0000000000000000 0x0000000000000000 xr
EXTMEMB0         0x0000000000000000 0x0000000000000000 xr
EXTMEMB1         0x0000000000000000 0x0000000000000000 xr
EXTMEMB2         0x0000000000000000 0x0000000000000000 xr
EXTMEMB3         0x0000000000000000 0x0000000000000000 xr
MEMORY_ARRAY     0x0000000000000000 0x0000000000000000 xrw
*default*        0x0000000000000000 0xffffffffffffffff

Linker script and memory map

LOAD ./system/src/stm32f1-stdperiph/misc.o
LOAD ./system/src/stm32f1-stdperiph/stm32f10x_gpio.o
LOAD ./system/src/stm32f1-stdperiph/stm32f10x_rcc.o
LOAD ./system/src/newlib/_cxx.o
LOAD ./system/src/newlib/_exit.o
LOAD ./system/src/newlib/_sbrk.o
LOAD ./system/src/newlib/_startup.o
LOAD ./system/src/newlib/_syscalls.o
LOAD ./system/src/newlib/assert.o
LOAD ./system/src/diag/Trace.o
LOAD ./system/src/diag/trace_impl.o
LOAD ./system/src/cortexm/_initialize_hardware.o
LOAD ./system/src/cortexm/_reset_hardware.o
LOAD ./system/src/cortexm/exception_handlers.o
LOAD ./system/src/cmsis/system_stm32f10x.o
LOAD ./system/src/cmsis/vectors_stm32f10x.o
LOAD ./src/_write.o
LOAD ./src/main.o
LOAD /home/tanishq/Downloads/gcc-arm-none-eabi-6-2017-q1-update/bin/../lib/gcc/arm-none-eabi/6.3.1/../../../../arm-none-eabi/lib/thumb/v7-m/libstdc++_nano.a
LOAD /home/tanishq/Downloads/gcc-arm-none-eabi-6-2017-q1-update/bin/../lib/gcc/arm-none-eabi/6.3.1/../../../../arm-none-eabi/lib/thumb/v7-m/libm.a
START GROUP
LOAD /home/tanishq/Downloads/gcc-arm-none-eabi-6-2017-q1-update/bin/../lib/gcc/arm-none-eabi/6.3.1/thumb/v7-m/libgcc.a
LOAD /home/tanishq/Downloads/gcc-arm-none-eabi-6-2017-q1-update/bin/../lib/gcc/arm-none-eabi/6.3.1/../../../../arm-none-eabi/lib/thumb/v7-m/libg_nano.a
LOAD /home/tanishq/Downloads/gcc-arm-none-eabi-6-2017-q1-update/bin/../lib/gcc/arm-none-eabi/6.3.1/../../../../arm-none-eabi/lib/thumb/v7-m/libc_nano.a
END GROUP
START GROUP
LOAD /home/tanishq/Downloads/gcc-arm-none-eabi-6-2017-q1-update/bin/../lib/gcc/arm-none-eabi/6.3.1/thumb/v7-m/libgcc.a
LOAD /home/tanishq/Downloads/gcc-arm-none-eabi-6-2017-q1-update/bin/../lib/gcc/arm-none-eabi/6.3.1/../../../../arm-none-eabi/lib/thumb/v7-m/libc_nano.a
END GROUP
                0x0000000020005000                __stack = (ORIGIN (RAM) + LENGTH (RAM))
                0x0000000020005000                _estack = __stack
                0x0000000000000400                __Main_Stack_Size = 0x400
                [!provide]                        PROVIDE (_Main_Stack_Size, __Main_Stack_Size)
                0x0000000020004c00                __Main_Stack_Limit = (__stack - __Main_Stack_Size)
                [!provide]                        PROVIDE (_Main_Stack_Limit, __Main_Stack_Limit)
                0x0000000000000100                _Minimum_Stack_Size = 0x100
                0x000000002000002c                PROVIDE (_Heap_Begin, _end_noinit)
                0x0000000020004c00                PROVIDE (_Heap_Limit, (__stack - __Main_Stack_Size))

.isr_vector     0x0000000008000000      0x22a
 FILL mask 0xff
                0x0000000008000000                __vectors_start = ABSOLUTE (.)
                0x0000000008000000                __vectors_start__ = ABSOLUTE (.)
 *(.isr_vector)
 .isr_vector    0x0000000008000000      0x10c ./system/src/cmsis/vectors_stm32f10x.o
                0x0000000008000000                __isr_vectors
 *(.cfmconfig)
 *(.after_vectors .after_vectors.*)
 .after_vectors
                0x000000000800010c       0xb8 ./system/src/newlib/_startup.o
                0x000000000800010c                _start
 .after_vectors
                0x00000000080001c4       0x64 ./system/src/cortexm/exception_handlers.o
                0x00000000080001c4                Reset_Handler
                0x00000000080001c8                NMI_Handler
                0x00000000080001ca                HardFault_Handler
                0x00000000080001de                HardFault_Handler_C
                0x00000000080001e0                MemManage_Handler
                0x00000000080001e2                BusFault_Handler
                0x00000000080001f6                BusFault_Handler_C
                0x00000000080001f8                UsageFault_Handler
                0x000000000800020c                UsageFault_Handler_C
                0x000000000800020e                SVC_Handler
                0x0000000008000210                DebugMon_Handler
                0x0000000008000212                PendSV_Handler
                0x0000000008000214                SysTick_Handler
 .after_vectors
                0x0000000008000228        0x2 ./system/src/cmsis/vectors_stm32f10x.o
                0x0000000008000228                EXTI2_IRQHandler
                0x0000000008000228                TIM8_TRG_COM_IRQHandler
                0x0000000008000228                TIM8_CC_IRQHandler
                0x0000000008000228                TIM1_CC_IRQHandler
                0x0000000008000228                TIM6_IRQHandler
                0x0000000008000228                PVD_IRQHandler
                0x0000000008000228                SDIO_IRQHandler
                0x0000000008000228                CAN2_RX1_IRQHandler
                0x0000000008000228                EXTI3_IRQHandler
                0x0000000008000228                TIM8_TRG_COM_TIM14_IRQHandler
                0x0000000008000228                TIM1_UP_TIM10_IRQHandler
                0x0000000008000228                TIM8_UP_TIM13_IRQHandler
                0x0000000008000228                EXTI0_IRQHandler
                0x0000000008000228                I2C2_EV_IRQHandler
                0x0000000008000228                CAN1_RX0_IRQHandler
                0x0000000008000228                TIM1_UP_TIM16_IRQHandler
                0x0000000008000228                CAN2_SCE_IRQHandler
                0x0000000008000228                ADC1_2_IRQHandler
                0x0000000008000228                SPI1_IRQHandler
                0x0000000008000228                TAMPER_IRQHandler
                0x0000000008000228                TIM6_DAC_IRQHandler
                0x0000000008000228                TIM1_BRK_TIM9_IRQHandler
                0x0000000008000228                CAN2_RX0_IRQHandler
                0x0000000008000228                TIM8_UP_IRQHandler
                0x0000000008000228                DMA2_Channel2_IRQHandler
                0x0000000008000228                DMA1_Channel4_IRQHandler
                0x0000000008000228                USART3_IRQHandler
                0x0000000008000228                RTC_IRQHandler
                0x0000000008000228                DMA1_Channel7_IRQHandler
                0x0000000008000228                CAN1_RX1_IRQHandler
                0x0000000008000228                UART5_IRQHandler
                0x0000000008000228                ADC3_IRQHandler
                0x0000000008000228                TIM4_IRQHandler
                0x0000000008000228                DMA2_Channel1_IRQHandler
                0x0000000008000228                I2C1_EV_IRQHandler
                0x0000000008000228                DMA1_Channel6_IRQHandler
                0x0000000008000228                UART4_IRQHandler
                0x0000000008000228                DMA2_Channel4_IRQHandler
                0x0000000008000228                TIM3_IRQHandler
                0x0000000008000228                RCC_IRQHandler
                0x0000000008000228                TIM8_BRK_TIM12_IRQHandler
                0x0000000008000228                TIM1_TRG_COM_IRQHandler
                0x0000000008000228                DMA1_Channel1_IRQHandler
                0x0000000008000228                Default_Handler
                0x0000000008000228                CEC_IRQHandler
                0x0000000008000228                EXTI15_10_IRQHandler
                0x0000000008000228                TIM14_IRQHandler
                0x0000000008000228                TIM13_IRQHandler
                0x0000000008000228                TIM12_IRQHandler
                0x0000000008000228                TIM7_IRQHandler
                0x0000000008000228                CAN2_TX_IRQHandler
                0x0000000008000228                TIM5_IRQHandler
                0x0000000008000228                EXTI9_5_IRQHandler
                0x0000000008000228                ETH_WKUP_IRQHandler
                0x0000000008000228                SPI2_IRQHandler
                0x0000000008000228                CAN1_TX_IRQHandler
                0x0000000008000228                DMA2_Channel5_IRQHandler
                0x0000000008000228                DMA1_Channel5_IRQHandler
                0x0000000008000228                EXTI4_IRQHandler
                0x0000000008000228                USB_LP_CAN1_RX0_IRQHandler
                0x0000000008000228                TIM1_TRG_COM_TIM17_IRQHandler
                0x0000000008000228                USB_HP_CAN1_TX_IRQHandler
                0x0000000008000228                DMA1_Channel3_IRQHandler
                0x0000000008000228                FSMC_IRQHandler
                0x0000000008000228                ETH_IRQHandler
                0x0000000008000228                TIM1_UP_IRQHandler
                0x0000000008000228                WWDG_IRQHandler
                0x0000000008000228                TIM2_IRQHandler
                0x0000000008000228                OTG_FS_WKUP_IRQHandler
                0x0000000008000228                TIM1_TRG_COM_TIM11_IRQHandler
                0x0000000008000228                TIM1_BRK_IRQHandler
                0x0000000008000228                EXTI1_IRQHandler
                0x0000000008000228                RTCAlarm_IRQHandler
                0x0000000008000228                DMA2_Channel4_5_IRQHandler
                0x0000000008000228                USART2_IRQHandler
                0x0000000008000228                I2C2_ER_IRQHandler
                0x0000000008000228                DMA1_Channel2_IRQHandler
                0x0000000008000228                TIM8_BRK_IRQHandler
                0x0000000008000228                CAN1_SCE_IRQHandler
                0x0000000008000228                FLASH_IRQHandler
                0x0000000008000228                USART1_IRQHandler
                0x0000000008000228                OTG_FS_IRQHandler
                0x0000000008000228                SPI3_IRQHandler
                0x0000000008000228                I2C1_ER_IRQHandler
                0x0000000008000228                USBWakeUp_IRQHandler
                0x0000000008000228                DMA2_Channel3_IRQHandler
                0x0000000008000228                TIM1_BRK_TIM15_IRQHandler

.inits          0x000000000800022c       0x28
                0x000000000800022c                __data_regions_array_start = .
                0x000000000800022c        0x4 LONG 0x8000f6c LOADADDR (.data)
                0x0000000008000230        0x4 LONG 0x20000000 ADDR (.data)
                0x0000000008000234        0x4 LONG 0x20000028 (ADDR (.data) + SIZEOF (.data))
                0x0000000008000238        0x4 LONG 0x8000f6c LOADADDR (.data_CCMRAM)
                0x000000000800023c        0x4 LONG 0x0 ADDR (.data_CCMRAM)
                0x0000000008000240        0x4 LONG 0x0 (ADDR (.data_CCMRAM) + SIZEOF (.data_CCMRAM))
                0x0000000008000244                __data_regions_array_end = .
                0x0000000008000244                __bss_regions_array_start = .
                0x0000000008000244        0x4 LONG 0x20000028 ADDR (.bss)
                0x0000000008000248        0x4 LONG 0x2000002c (ADDR (.bss) + SIZEOF (.bss))
                0x000000000800024c        0x4 LONG 0x0 ADDR (.bss_CCMRAM)
                0x0000000008000250        0x4 LONG 0x0 (ADDR (.bss_CCMRAM) + SIZEOF (.bss_CCMRAM))
                0x0000000008000254                __bss_regions_array_end = .
 *(.init)
 *(.fini)
                0x0000000008000254                . = ALIGN (0x4)
                0x0000000008000254                PROVIDE (__preinit_array_start, .)
 *(.preinit_array_sysinit .preinit_array_sysinit.*)
 *(.preinit_array_platform .preinit_array_platform.*)
 *(.preinit_array .preinit_array.*)
                0x0000000008000254                PROVIDE (__preinit_array_end, .)
                0x0000000008000254                . = ALIGN (0x4)
                0x0000000008000254                PROVIDE (__init_array_start, .)
 *(SORT(.init_array.*))
 *(.init_array)
                0x0000000008000254                PROVIDE (__init_array_end, .)
                0x0000000008000254                . = ALIGN (0x4)
                0x0000000008000254                PROVIDE (__fini_array_start, .)
 *(SORT(.fini_array.*))
 *(.fini_array)
                0x0000000008000254                PROVIDE (__fini_array_end, .)

.flashtext
 *(.flashtext .flashtext.*)

.text           0x0000000008000254      0xd18
 *(.text .text.*)
 .text._exit    0x0000000008000254        0x6 ./system/src/newlib/_exit.o
                0x0000000008000254                _exit
 *fill*         0x000000000800025a        0x2 
 .text.__initialize_args
                0x000000000800025c       0x10 ./system/src/newlib/_syscalls.o
                0x000000000800025c                __initialize_args
 .text.__initialize_hardware_early
                0x000000000800026c       0x18 ./system/src/cortexm/_initialize_hardware.o
                0x000000000800026c                __initialize_hardware_early
 .text.__initialize_hardware
                0x0000000008000284        0x4 ./system/src/cortexm/_initialize_hardware.o
                0x0000000008000284                __initialize_hardware
 .text.__reset_hardware
                0x0000000008000288       0x24 ./system/src/cortexm/_reset_hardware.o
                0x0000000008000288                __reset_hardware
 .text.SystemInit
                0x00000000080002ac       0xf0 ./system/src/cmsis/system_stm32f10x.o
                0x00000000080002ac                SystemInit
 .text.SystemCoreClockUpdate
                0x000000000800039c       0x5c ./system/src/cmsis/system_stm32f10x.o
                0x000000000800039c                SystemCoreClockUpdate
 .text.stopArm  0x00000000080003f8       0xb4 ./src/main.o
                0x00000000080003f8                stopArm
 .text.emStop   0x00000000080004ac       0x5c ./src/main.o
                0x00000000080004ac                emStop
 .text.emStop1  0x0000000008000508       0x5c ./src/main.o
                0x0000000008000508                emStop1
 .text.timerSetup
                0x0000000008000564      0x1a4 ./src/main.o
                0x0000000008000564                timerSetup
 .text.GPIOSetup
                0x0000000008000708       0x34 ./src/main.o
                0x0000000008000708                GPIOSetup
 .text.UARTSetup
                0x000000000800073c       0x44 ./src/main.o
                0x000000000800073c                UARTSetup
 .text.UARTSetup1
                0x0000000008000780       0x44 ./src/main.o
                0x0000000008000780                UARTSetup1
 .text.Delay    0x00000000080007c4       0x20 ./src/main.o
                0x00000000080007c4                Delay
 .text.DCServoF
                0x00000000080007e4       0xac ./src/main.o
                0x00000000080007e4                DCServoF
 .text.DCServoB
                0x0000000008000890       0xac ./src/main.o
                0x0000000008000890                DCServoB
 .text.DCServoF1
                0x000000000800093c       0xac ./src/main.o
                0x000000000800093c                DCServoF1
 .text.DCServoB1
                0x00000000080009e8       0xac ./src/main.o
                0x00000000080009e8                DCServoB1
 .text.RoboticArm
                0x0000000008000a94      0x288 ./src/main.o
                0x0000000008000a94                RoboticArm
 .text.startup.main
                0x0000000008000d1c      0x250 ./src/main.o
                0x0000000008000d1c                main
 *(.rodata .rodata.* .constdata .constdata.*)
 *(vtable)
 *(.eh_frame*)
 *(.glue_7)
 .glue_7        0x0000000008000f6c        0x0 linker stubs
 *(.glue_7t)
 .glue_7t       0x0000000008000f6c        0x0 linker stubs

.vfp11_veneer   0x0000000008000f6c        0x0
 .vfp11_veneer  0x0000000008000f6c        0x0 linker stubs

.v4_bx          0x0000000008000f6c        0x0
 .v4_bx         0x0000000008000f6c        0x0 linker stubs

.iplt           0x0000000008000f6c        0x0
 .iplt          0x0000000008000f6c        0x0 ./system/src/stm32f1-stdperiph/misc.o

.rel.dyn        0x0000000008000f6c        0x0
 .rel.iplt      0x0000000008000f6c        0x0 ./system/src/stm32f1-stdperiph/misc.o

.ARM.extab
 *(.ARM.extab* .gnu.linkonce.armextab.*)
                0x0000000008000f6c                . = ALIGN (0x4)
                0x0000000008000f6c                __exidx_start = .

.ARM.exidx
 *(.ARM.exidx* .gnu.linkonce.armexidx.*)
                0x0000000008000f6c                __exidx_end = .
                0x0000000008000f6c                . = ALIGN (0x4)
                0x0000000008000f6c                _etext = .
                0x0000000008000f6c                __etext = .

.data_CCMRAM    0x0000000000000000        0x0 load address 0x0000000008000f6c
 FILL mask 0xff
 *(.data.CCMRAM .data.CCMRAM.*)
                0x0000000000000000                . = ALIGN (0x4)
                0x0000000008000f6c                _sidata = LOADADDR (.data)

.data           0x0000000020000000       0x28 load address 0x0000000008000f6c
 FILL mask 0xff
                0x0000000020000000                _sdata = .
                0x0000000020000000                __data_start__ = .
 *(.data_begin .data_begin.*)
 *(.data .data.*)
 .data.argv.4263
                0x0000000020000000        0x8 ./system/src/newlib/_syscalls.o
 .data.AHBPrescTable
                0x0000000020000008       0x10 ./system/src/cmsis/system_stm32f10x.o
                0x0000000020000008                AHBPrescTable
 .data.SystemCoreClock
                0x0000000020000018        0x4 ./system/src/cmsis/system_stm32f10x.o
                0x0000000020000018                SystemCoreClock
 .data.servo1   0x000000002000001c        0x4 ./src/main.o
                0x000000002000001c                servo1
 .data.servo2   0x0000000020000020        0x4 ./src/main.o
                0x0000000020000020                servo2
 .data.servo3   0x0000000020000024        0x4 ./src/main.o
                0x0000000020000024                servo3
 *(.data_end .data_end.*)
                0x0000000020000028                . = ALIGN (0x4)
                0x0000000020000028                _edata = .
                0x0000000020000028                __data_end__ = .

.igot.plt       0x0000000020000028        0x0 load address 0x0000000008000f94
 .igot.plt      0x0000000020000028        0x0 ./system/src/stm32f1-stdperiph/misc.o

.bss_CCMRAM     0x0000000000000000        0x0
 *(.bss.CCMRAM .bss.CCMRAM.*)

.bss            0x0000000020000028        0x4
                0x0000000020000028                __bss_start__ = .
                0x0000000020000028                _sbss = .
 *(.bss_begin .bss_begin.*)
 *(.bss .bss.*)
 .bss.name.4262
                0x0000000020000028        0x1 ./system/src/newlib/_syscalls.o
 *(COMMON)
 *(.bss_end .bss_end.*)
                0x000000002000002c                . = ALIGN (0x4)
 *fill*         0x0000000020000029        0x3 
                0x000000002000002c                __bss_end__ = .
                0x000000002000002c                _ebss = .

.noinit_CCMRAM
 *(.noinit.CCMRAM .noinit.CCMRAM.*)

.noinit         0x000000002000002c        0x0
                0x000000002000002c                _noinit = .
 *(.noinit .noinit.*)
                0x000000002000002c                . = ALIGN (0x4)
                0x000000002000002c                _end_noinit = .
                [!provide]                        PROVIDE (end, _end_noinit)
                [!provide]                        PROVIDE (_end, _end_noinit)
                [!provide]                        PROVIDE (__end, _end_noinit)
                [!provide]                        PROVIDE (__end__, _end_noinit)

._check_stack   0x000000002000002c      0x100
                0x000000002000012c                . = (. + _Minimum_Stack_Size)
 *fill*         0x000000002000002c      0x100 

.b1text
 *(.b1text)
 *(.b1rodata)
 *(.b1rodata.*)

.eb0text
 *(.eb0text)
 *(.eb0rodata)
 *(.eb0rodata.*)

.eb1text
 *(.eb1text)
 *(.eb1rodata)
 *(.eb1rodata.*)

.eb2text
 *(.eb2text)
 *(.eb2rodata)
 *(.eb2rodata.*)

.eb3text
 *(.eb3text)
 *(.eb3rodata)
 *(.eb3rodata.*)

.stab
 *(.stab)

.stabstr
 *(.stabstr)

.stab.excl
 *(.stab.excl)

.stab.exclstr
 *(.stab.exclstr)

.stab.index
 *(.stab.index)

.stab.indexstr
 *(.stab.indexstr)

.comment        0x0000000000000000       0x7f
 *(.comment)
 .comment       0x0000000000000000       0x7f ./system/src/newlib/_exit.o
                                         0x80 (size before relaxing)
 .comment       0x000000000000007f       0x80 ./system/src/newlib/_startup.o
 .comment       0x000000000000007f       0x80 ./system/src/newlib/_syscalls.o
 .comment       0x000000000000007f       0x80 ./system/src/cortexm/_initialize_hardware.o
 .comment       0x000000000000007f       0x80 ./system/src/cortexm/_reset_hardware.o
 .comment       0x000000000000007f       0x80 ./system/src/cortexm/exception_handlers.o
 .comment       0x000000000000007f       0x80 ./system/src/cmsis/system_stm32f10x.o
 .comment       0x000000000000007f       0x80 ./system/src/cmsis/vectors_stm32f10x.o
 .comment       0x000000000000007f       0x80 ./src/main.o

.ARM.attributes
                0x0000000000000000       0x33
 .ARM.attributes
                0x0000000000000000       0x33 ./system/src/newlib/_exit.o
 .ARM.attributes
                0x0000000000000033       0x33 ./system/src/newlib/_startup.o
 .ARM.attributes
                0x0000000000000066       0x33 ./system/src/newlib/_syscalls.o
 .ARM.attributes
                0x0000000000000099       0x33 ./system/src/cortexm/_initialize_hardware.o
 .ARM.attributes
                0x00000000000000cc       0x33 ./system/src/cortexm/_reset_hardware.o
 .ARM.attributes
                0x00000000000000ff       0x33 ./system/src/cortexm/exception_handlers.o
 .ARM.attributes
                0x0000000000000132       0x33 ./system/src/cmsis/system_stm32f10x.o
 .ARM.attributes
                0x0000000000000165       0x33 ./system/src/cmsis/vectors_stm32f10x.o
 .ARM.attributes
                0x0000000000000198       0x33 ./src/main.o

.debug
 *(.debug)

.line
 *(.line)

.debug_srcinfo
 *(.debug_srcinfo)

.debug_sfnames
 *(.debug_sfnames)

.debug_aranges  0x0000000000000000      0x240
 *(.debug_aranges)
 .debug_aranges
                0x0000000000000000       0x28 ./system/src/newlib/_exit.o
 .debug_aranges
                0x0000000000000028       0x40 ./system/src/newlib/_startup.o
 .debug_aranges
                0x0000000000000068       0x30 ./system/src/newlib/_syscalls.o
 .debug_aranges
                0x0000000000000098       0x28 ./system/src/cortexm/_initialize_hardware.o
 .debug_aranges
                0x00000000000000c0       0x20 ./system/src/cortexm/_reset_hardware.o
 .debug_aranges
                0x00000000000000e0       0x80 ./system/src/cortexm/exception_handlers.o
 .debug_aranges
                0x0000000000000160       0x28 ./system/src/cmsis/system_stm32f10x.o
 .debug_aranges
                0x0000000000000188       0x20 ./system/src/cmsis/vectors_stm32f10x.o
 .debug_aranges
                0x00000000000001a8       0x98 ./src/main.o

.debug_pubnames
 *(.debug_pubnames)

.debug_info     0x0000000000000000     0x3836
 *(.debug_info .gnu.linkonce.wi.*)
 .debug_info    0x0000000000000000      0x967 ./system/src/newlib/_exit.o
 .debug_info    0x0000000000000967      0x3d1 ./system/src/newlib/_startup.o
 .debug_info    0x0000000000000d38      0xa1c ./system/src/newlib/_syscalls.o
 .debug_info    0x0000000000001754      0x2b8 ./system/src/cortexm/_initialize_hardware.o
 .debug_info    0x0000000000001a0c      0x2ca ./system/src/cortexm/_reset_hardware.o
 .debug_info    0x0000000000001cd6      0xad2 ./system/src/cortexm/exception_handlers.o
 .debug_info    0x00000000000027a8      0x49f ./system/src/cmsis/system_stm32f10x.o
 .debug_info    0x0000000000002c47       0xcd ./system/src/cmsis/vectors_stm32f10x.o
 .debug_info    0x0000000000002d14      0xb22 ./src/main.o

.debug_abbrev   0x0000000000000000      0xde4
 *(.debug_abbrev)
 .debug_abbrev  0x0000000000000000      0x210 ./system/src/newlib/_exit.o
 .debug_abbrev  0x0000000000000210      0x173 ./system/src/newlib/_startup.o
 .debug_abbrev  0x0000000000000383      0x231 ./system/src/newlib/_syscalls.o
 .debug_abbrev  0x00000000000005b4       0xf5 ./system/src/cortexm/_initialize_hardware.o
 .debug_abbrev  0x00000000000006a9      0x10d ./system/src/cortexm/_reset_hardware.o
 .debug_abbrev  0x00000000000007b6      0x1fe ./system/src/cortexm/exception_handlers.o
 .debug_abbrev  0x00000000000009b4      0x18c ./system/src/cmsis/system_stm32f10x.o
 .debug_abbrev  0x0000000000000b40       0x9a ./system/src/cmsis/vectors_stm32f10x.o
 .debug_abbrev  0x0000000000000bda      0x20a ./src/main.o

.debug_line     0x0000000000000000      0xf90
 *(.debug_line)
 .debug_line    0x0000000000000000      0x1ca ./system/src/newlib/_exit.o
 .debug_line    0x00000000000001ca      0x10d ./system/src/newlib/_startup.o
 .debug_line    0x00000000000002d7      0x1e2 ./system/src/newlib/_syscalls.o
 .debug_line    0x00000000000004b9      0x11a ./system/src/cortexm/_initialize_hardware.o
 .debug_line    0x00000000000005d3      0x129 ./system/src/cortexm/_reset_hardware.o
 .debug_line    0x00000000000006fc      0x1f0 ./system/src/cortexm/exception_handlers.o
 .debug_line    0x00000000000008ec      0x16b ./system/src/cmsis/system_stm32f10x.o
 .debug_line    0x0000000000000a57       0x58 ./system/src/cmsis/vectors_stm32f10x.o
 .debug_line    0x0000000000000aaf      0x4e1 ./src/main.o

.debug_frame    0x0000000000000000      0x42c
 *(.debug_frame)
 .debug_frame   0x0000000000000000       0x40 ./system/src/newlib/_exit.o
 .debug_frame   0x0000000000000040       0x80 ./system/src/newlib/_startup.o
 .debug_frame   0x00000000000000c0       0x50 ./system/src/newlib/_syscalls.o
 .debug_frame   0x0000000000000110       0x38 ./system/src/cortexm/_initialize_hardware.o
 .debug_frame   0x0000000000000148       0x20 ./system/src/cortexm/_reset_hardware.o
 .debug_frame   0x0000000000000168       0xe0 ./system/src/cortexm/exception_handlers.o
 .debug_frame   0x0000000000000248       0x3c ./system/src/cmsis/system_stm32f10x.o
 .debug_frame   0x0000000000000284       0x20 ./system/src/cmsis/vectors_stm32f10x.o
 .debug_frame   0x00000000000002a4      0x188 ./src/main.o

.debug_str      0x0000000000000000      0xd2f
 *(.debug_str)
 .debug_str     0x0000000000000000      0x580 ./system/src/newlib/_exit.o
                                        0x5f1 (size before relaxing)
 .debug_str     0x0000000000000580      0x16d ./system/src/newlib/_startup.o
                                        0x323 (size before relaxing)
 .debug_str     0x00000000000006ed       0x8a ./system/src/newlib/_syscalls.o
                                        0x622 (size before relaxing)
 .debug_str     0x0000000000000777       0xea ./system/src/cortexm/_initialize_hardware.o
                                        0x2a7 (size before relaxing)
 .debug_str     0x0000000000000861       0x45 ./system/src/cortexm/_reset_hardware.o
                                        0x26d (size before relaxing)
 .debug_str     0x00000000000008a6      0x11f ./system/src/cortexm/exception_handlers.o
                                        0x6ea (size before relaxing)
 .debug_str     0x00000000000009c5       0xee ./system/src/cmsis/system_stm32f10x.o
                                        0x32b (size before relaxing)
 .debug_str     0x0000000000000ab3       0x57 ./system/src/cmsis/vectors_stm32f10x.o
                                        0x1da (size before relaxing)
 .debug_str     0x0000000000000b0a      0x225 ./src/main.o
                                        0x441 (size before relaxing)

.debug_loc      0x0000000000000000      0x9e4
 *(.debug_loc)
 .debug_loc     0x0000000000000000       0x21 ./system/src/newlib/_exit.o
 .debug_loc     0x0000000000000021      0x148 ./system/src/newlib/_startup.o
 .debug_loc     0x0000000000000169       0x63 ./system/src/newlib/_syscalls.o
 .debug_loc     0x00000000000001cc       0xb1 ./system/src/cmsis/system_stm32f10x.o
 .debug_loc     0x000000000000027d      0x767 ./src/main.o

.debug_macinfo
 *(.debug_macinfo)

.debug_weaknames
 *(.debug_weaknames)

.debug_funcnames
 *(.debug_funcnames)

.debug_typenames
 *(.debug_typenames)

.debug_varnames
 *(.debug_varnames)
OUTPUT(Final_2.2_r.elf elf32-littlearm)

.debug_ranges   0x0000000000000000      0x2a0
 .debug_ranges  0x0000000000000000       0x18 ./system/src/newlib/_exit.o
 .debug_ranges  0x0000000000000018       0xa0 ./system/src/newlib/_startup.o
 .debug_ranges  0x00000000000000b8       0x20 ./system/src/newlib/_syscalls.o
 .debug_ranges  0x00000000000000d8       0x18 ./system/src/cortexm/_initialize_hardware.o
 .debug_ranges  0x00000000000000f0       0x10 ./system/src/cortexm/_reset_hardware.o
 .debug_ranges  0x0000000000000100       0x70 ./system/src/cortexm/exception_handlers.o
 .debug_ranges  0x0000000000000170       0x30 ./system/src/cmsis/system_stm32f10x.o
 .debug_ranges  0x00000000000001a0       0x10 ./system/src/cmsis/vectors_stm32f10x.o
 .debug_ranges  0x00000000000001b0       0xf0 ./src/main.o
